Component: ARM Compiler 5.06 update 5 (build 528) Tool: armlink [4d35e2]

==============================================================================

Section Cross References

    startup_stm32f407xx.o(STACK) refers (Special) to heapauxi.o(.text) for __use_two_region_memory
    startup_stm32f407xx.o(HEAP) refers (Special) to heapauxi.o(.text) for __use_two_region_memory
    startup_stm32f407xx.o(RESET) refers (Special) to heapauxi.o(.text) for __use_two_region_memory
    startup_stm32f407xx.o(RESET) refers to startup_stm32f407xx.o(STACK) for __initial_sp
    startup_stm32f407xx.o(RESET) refers to startup_stm32f407xx.o(.text) for Reset_Handler
    startup_stm32f407xx.o(RESET) refers to stm32f4xx_it.o(i.NMI_Handler) for NMI_Handler
    startup_stm32f407xx.o(RESET) refers to stm32f4xx_it.o(i.HardFault_Handler) for HardFault_Handler
    startup_stm32f407xx.o(RESET) refers to stm32f4xx_it.o(i.MemManage_Handler) for MemManage_Handler
    startup_stm32f407xx.o(RESET) refers to stm32f4xx_it.o(i.BusFault_Handler) for BusFault_Handler
    startup_stm32f407xx.o(RESET) refers to stm32f4xx_it.o(i.UsageFault_Handler) for UsageFault_Handler
    startup_stm32f407xx.o(RESET) refers to port.o(.emb_text) for SVC_Handler
    startup_stm32f407xx.o(RESET) refers to stm32f4xx_it.o(i.DebugMon_Handler) for DebugMon_Handler
    startup_stm32f407xx.o(RESET) refers to cmsis_os2.o(i.SysTick_Handler) for SysTick_Handler
    startup_stm32f407xx.o(RESET) refers to stm32f4xx_it.o(i.DMA1_Stream1_IRQHandler) for DMA1_Stream1_IRQHandler
    startup_stm32f407xx.o(RESET) refers to stm32f4xx_it.o(i.DMA1_Stream3_IRQHandler) for DMA1_Stream3_IRQHandler
    startup_stm32f407xx.o(RESET) refers to stm32f4xx_it.o(i.DMA1_Stream5_IRQHandler) for DMA1_Stream5_IRQHandler
    startup_stm32f407xx.o(RESET) refers to stm32f4xx_it.o(i.DMA1_Stream6_IRQHandler) for DMA1_Stream6_IRQHandler
    startup_stm32f407xx.o(RESET) refers to stm32f4xx_it.o(i.CAN1_TX_IRQHandler) for CAN1_TX_IRQHandler
    startup_stm32f407xx.o(RESET) refers to stm32f4xx_it.o(i.CAN1_RX0_IRQHandler) for CAN1_RX0_IRQHandler
    startup_stm32f407xx.o(RESET) refers to stm32f4xx_it.o(i.EXTI9_5_IRQHandler) for EXTI9_5_IRQHandler
    startup_stm32f407xx.o(RESET) refers to stm32f4xx_it.o(i.TIM3_IRQHandler) for TIM3_IRQHandler
    startup_stm32f407xx.o(RESET) refers to stm32f4xx_it.o(i.TIM4_IRQHandler) for TIM4_IRQHandler
    startup_stm32f407xx.o(RESET) refers to stm32f4xx_it.o(i.USART1_IRQHandler) for USART1_IRQHandler
    startup_stm32f407xx.o(RESET) refers to stm32f4xx_it.o(i.USART2_IRQHandler) for USART2_IRQHandler
    startup_stm32f407xx.o(RESET) refers to stm32f4xx_it.o(i.USART3_IRQHandler) for USART3_IRQHandler
    startup_stm32f407xx.o(RESET) refers to stm32f4xx_it.o(i.DMA2_Stream1_IRQHandler) for DMA2_Stream1_IRQHandler
    startup_stm32f407xx.o(RESET) refers to stm32f4xx_it.o(i.DMA2_Stream2_IRQHandler) for DMA2_Stream2_IRQHandler
    startup_stm32f407xx.o(RESET) refers to stm32f4xx_it.o(i.CAN2_TX_IRQHandler) for CAN2_TX_IRQHandler
    startup_stm32f407xx.o(RESET) refers to stm32f4xx_it.o(i.CAN2_RX0_IRQHandler) for CAN2_RX0_IRQHandler
    startup_stm32f407xx.o(RESET) refers to stm32f4xx_it.o(i.DMA2_Stream6_IRQHandler) for DMA2_Stream6_IRQHandler
    startup_stm32f407xx.o(RESET) refers to stm32f4xx_it.o(i.DMA2_Stream7_IRQHandler) for DMA2_Stream7_IRQHandler
    startup_stm32f407xx.o(RESET) refers to stm32f4xx_it.o(i.USART6_IRQHandler) for USART6_IRQHandler
    startup_stm32f407xx.o(.text) refers (Special) to heapauxi.o(.text) for __use_two_region_memory
    startup_stm32f407xx.o(.text) refers to system_stm32f4xx.o(i.SystemInit) for SystemInit
    startup_stm32f407xx.o(.text) refers to __main.o(!!!main) for __main
    startup_stm32f407xx.o(.text) refers to startup_stm32f407xx.o(HEAP) for Heap_Mem
    startup_stm32f407xx.o(.text) refers to startup_stm32f407xx.o(STACK) for Stack_Mem
    main.o(i.HAL_TIM_PeriodElapsedCallback) refers to stm32f4xx_hal.o(i.HAL_IncTick) for HAL_IncTick
    main.o(i.HAL_TIM_PeriodElapsedCallback) refers to drive_tim.o(i.Update_SystemTick) for Update_SystemTick
    main.o(i.SystemClock_Config) refers to rt_memclr_w.o(.text) for __aeabi_memclr4
    main.o(i.SystemClock_Config) refers to stm32f4xx_hal_rcc.o(i.HAL_RCC_OscConfig) for HAL_RCC_OscConfig
    main.o(i.SystemClock_Config) refers to main.o(i.Error_Handler) for Error_Handler
    main.o(i.SystemClock_Config) refers to stm32f4xx_hal_rcc.o(i.HAL_RCC_ClockConfig) for HAL_RCC_ClockConfig
    main.o(i.main) refers to stm32f4xx_hal.o(i.HAL_Init) for HAL_Init
    main.o(i.main) refers to main.o(i.SystemClock_Config) for SystemClock_Config
    main.o(i.main) refers to gpio.o(i.MX_GPIO_Init) for MX_GPIO_Init
    main.o(i.main) refers to dma.o(i.MX_DMA_Init) for MX_DMA_Init
    main.o(i.main) refers to can.o(i.MX_CAN1_Init) for MX_CAN1_Init
    main.o(i.main) refers to can.o(i.MX_CAN2_Init) for MX_CAN2_Init
[...]
    DM_Driver::~DM_Driver()                  0x080073ff   Thumb Code    16  service_config.o(i._ZN9DM_DriverD1Ev)
    DM_Driver::~DM_Driver__sub_object()      0x080073ff   Thumb Code     0  service_config.o(i._ZN9DM_DriverD1Ev)
    RM_Common::~RM_Common()                  0x0800740f   Thumb Code     0  swerve_chassis.o(i._ZN9RM_CommonD2Ev)
    RM_Common::~RM_Common__sub_object()      0x0800740f   Thumb Code    16  swerve_chassis.o(i._ZN9RM_CommonD2Ev)
    Motor_Base::ENCODER_ANGLE_RATIO() const  0x08007421   Thumb Code     6  swerve_chassis.o(i._ZNK10Motor_Base19ENCODER_ANGLE_RATIOEv)
    Motor_Base::GET_MOTOR_DESCRIPTION() const 0x0800742d   Thumb Code     6  swerve_chassis.o(i._ZNK10Motor_Base21GET_MOTOR_DESCRIPTIONEv)
    Motor_Base::get_angle() const            0x08007433   Thumb Code     6  swerve_chassis.o(i._ZNK10Motor_Base9get_angleEv)
    Motor_C620::GET_MOTOR_DESCRIPTION() const 0x08007439   Thumb Code     6  user_debug.o(i._ZNK10Motor_C62021GET_MOTOR_DESCRIPTIONEv)
    Motor_Speed::get_speed() const           0x0800743f   Thumb Code     8  swerve_chassis.o(i._ZNK11Motor_Speed9get_speedEv)
    Motor_GM6020::MAX_CURRENT() const        0x08007449   Thumb Code     6  swerve_chassis.o(i._ZNK12Motor_GM602011MAX_CURRENTEv)
    Motor_GM6020::send_id_low() const        0x08007455   Thumb Code     8  swerve_chassis.o(i._ZNK12Motor_GM602011send_id_lowEv)
    Motor_GM6020::send_id_high() const       0x0800745d   Thumb Code     8  swerve_chassis.o(i._ZNK12Motor_GM602012send_id_highEv)
    VESC::get_speed() const                  0x08007465   Thumb Code     8  swerve_chassis.o(i._ZNK4VESC9get_speedEv)
    RM_Common::send_id_low() const           0x0800746d   Thumb Code     8  swerve_chassis.o(i._ZNK9RM_Common11send_id_lowEv)
    RM_Common::send_id_high() const          0x08007475   Thumb Code     8  swerve_chassis.o(i._ZNK9RM_Common12send_id_highEv)
    RM_Common::prepareCANMsg(CAN_TxMsg&, short) const 0x0800747d   Thumb Code   112  swerve_chassis.o(i._ZNK9RM_Common13prepareCANMsgER9CAN_TxMsgs)
    __ARM_fpclassify                         0x080074ed   Thumb Code    48  fpclassify.o(i.__ARM_fpclassify)
    __ARM_fpclassifyf                        0x0800751d   Thumb Code    38  fpclassifyf.o(i.__ARM_fpclassifyf)
    __aeabi_vec_ctor_nocookie_nodtor         0x0800757d   Thumb Code    36  aeabi_vec_ctor_nocookie_nodtor.o(i.__aeabi_vec_ctor_nocookie_nodtor)
    __cxa_guard_acquire                      0x080075a1   Thumb Code    16  cxa_guard_acquire.o(i.__cxa_guard_acquire)
    __hardfp_atan2f                          0x080075b9   Thumb Code   502  atan2f.o(i.__hardfp_atan2f)
    __hardfp_cos                             0x08007809   Thumb Code   180  cos.o(i.__hardfp_cos)
    __hardfp_sin                             0x080078d1   Thumb Code   180  sin.o(i.__hardfp_sin)
    __hardfp_sqrtf                           0x08007999   Thumb Code    58  sqrtf.o(i.__hardfp_sqrtf)
    __ieee754_rem_pio2                       0x080079d9   Thumb Code   938  rred.o(i.__ieee754_rem_pio2)
    __kernel_cos                             0x08007e11   Thumb Code   322  cos_i.o(i.__kernel_cos)
    __kernel_poly                            0x08007f81   Thumb Code   248  poly.o(i.__kernel_poly)
    __kernel_sin                             0x08008079   Thumb Code   280  sin_i.o(i.__kernel_sin)
    __mathlib_dbl_infnan                     0x080081a9   Thumb Code    20  dunder.o(i.__mathlib_dbl_infnan)
    __mathlib_dbl_invalid                    0x080081c1   Thumb Code    24  dunder.o(i.__mathlib_dbl_invalid)
    __mathlib_dbl_underflow                  0x080081e1   Thumb Code    24  dunder.o(i.__mathlib_dbl_underflow)
    __mathlib_flt_infnan2                    0x08008201   Thumb Code     6  funder.o(i.__mathlib_flt_infnan2)
    __mathlib_flt_underflow                  0x08008209   Thumb Code    10  funder.o(i.__mathlib_flt_underflow)
    comm_can_transmit_extid                  0x08008411   Thumb Code    60  drive_can.o(i.comm_can_transmit_extid)
    comm_can_transmit_stdid                  0x0800844d   Thumb Code    58  drive_can.o(i.comm_can_transmit_stdid)
    fabs                                     0x08008487   Thumb Code    24  fabs.o(i.fabs)
    main                                     0x0800849f   Thumb Code    68  main.o(i.main)
    osDelay                                  0x080084e3   Thumb Code    30  cmsis_os2.o(i.osDelay)
    osKernelInitialize                       0x08008501   Thumb Code    38  cmsis_os2.o(i.osKernelInitialize)
    osKernelStart                            0x0800852d   Thumb Code    82  cmsis_os2.o(i.osKernelStart)
    osThreadNew                              0x0800858d   Thumb Code   184  cmsis_os2.o(i.osThreadNew)
    pvPortMalloc                             0x08009069   Thumb Code   306  heap_4.o(i.pvPortMalloc)
    pxPortInitialiseStack                    0x080091b5   Thumb Code    38  port.o(i.pxPortInitialiseStack)
    serial_get_crc8_value                    0x080091e1   Thumb Code    56  drive_uart.o(i.serial_get_crc8_value)
    uxListRemove                             0x08009219   Thumb Code    40  list.o(i.uxListRemove)
    vApplicationGetIdleTaskMemory            0x08009241   Thumb Code    14  cmsis_os2.o(i.vApplicationGetIdleTaskMemory)
    vApplicationGetTimerTaskMemory           0x08009259   Thumb Code    16  cmsis_os2.o(i.vApplicationGetTimerTaskMemory)
    vListInitialise                          0x08009271   Thumb Code    26  list.o(i.vListInitialise)
    vListInitialiseItem                      0x0800928b   Thumb Code     6  list.o(i.vListInitialiseItem)
    vListInsert                              0x08009291   Thumb Code    52  list.o(i.vListInsert)
    vListInsertEnd                           0x080092c5   Thumb Code    24  list.o(i.vListInsertEnd)
    vPortEnterCritical                       0x080092dd   Thumb Code    76  port.o(i.vPortEnterCritical)
    vPortExitCritical                        0x08009331   Thumb Code    56  port.o(i.vPortExitCritical)
    vPortFree                                0x0800936d   Thumb Code   150  heap_4.o(i.vPortFree)
    vPortSetupTimerInterrupt                 0x08009411   Thumb Code    36  port.o(i.vPortSetupTimerInterrupt)
    vPortValidateInterruptPriority           0x08009439   Thumb Code   106  port.o(i.vPortValidateInterruptPriority)
    vQueueAddToRegistry                      0x080094b1   Thumb Code    38  queue.o(i.vQueueAddToRegistry)
    vQueueWaitForMessageRestricted           0x080094dd   Thumb Code    74  queue.o(i.vQueueWaitForMessageRestricted)
    vTaskDelay                               0x08009529   Thumb Code    82  tasks.o(i.vTaskDelay)
    vTaskInternalSetTimeOutState             0x08009585   Thumb Code    14  tasks.o(i.vTaskInternalSetTimeOutState)
    vTaskMissedYield                         0x0800959d   Thumb Code     8  tasks.o(i.vTaskMissedYield)
    vTaskPlaceOnEventList                    0x080095a9   Thumb Code    52  tasks.o(i.vTaskPlaceOnEventList)
    vTaskPlaceOnEventListRestricted          0x080095e1   Thumb Code    60  tasks.o(i.vTaskPlaceOnEventListRestricted)
    vTaskStartScheduler                      0x08009621   Thumb Code   156  tasks.o(i.vTaskStartScheduler)
    vTaskSuspendAll                          0x080096d9   Thumb Code    12  tasks.o(i.vTaskSuspendAll)
    vTaskSwitchContext                       0x080096e9   Thumb Code   122  tasks.o(i.vTaskSwitchContext)
    xPortStartScheduler                      0x08009779   Thumb Code   330  port.o(i.xPortStartScheduler)
    xPortSysTickHandler                      0x080098e1   Thumb Code    46  port.o(i.xPortSysTickHandler)
    xQueueGenericCreate                      0x08009915   Thumb Code    90  queue.o(i.xQueueGenericCreate)
    xQueueGenericCreateStatic                0x0800996f   Thumb Code   224  queue.o(i.xQueueGenericCreateStatic)
    xQueueGenericReset                       0x08009a51   Thumb Code   146  queue.o(i.xQueueGenericReset)
    xQueueGenericSend                        0x08009ae9   Thumb Code   420  queue.o(i.xQueueGenericSend)
    xQueueGenericSendFromISR                 0x08009c91   Thumb Code   252  queue.o(i.xQueueGenericSendFromISR)
    xQueueReceive                            0x08009d8d   Thumb Code   356  queue.o(i.xQueueReceive)
    xTaskCheckForTimeOut                     0x08009ef5   Thumb Code   132  tasks.o(i.xTaskCheckForTimeOut)
    xTaskCreate                              0x08009f81   Thumb Code   100  tasks.o(i.xTaskCreate)
    xTaskCreateStatic                        0x08009fe5   Thumb Code   186  tasks.o(i.xTaskCreateStatic)
    xTaskGetSchedulerState                   0x0800a0a1   Thumb Code    24  tasks.o(i.xTaskGetSchedulerState)
    xTaskGetTickCount                        0x0800a0c1   Thumb Code     6  tasks.o(i.xTaskGetTickCount)
    xTaskIncrementTick                       0x0800a0cd   Thumb Code   280  tasks.o(i.xTaskIncrementTick)
    xTaskPriorityDisinherit                  0x0800a211   Thumb Code   152  tasks.o(i.xTaskPriorityDisinherit)
    xTaskRemoveFromEventList                 0x0800a2b5   Thumb Code   126  tasks.o(i.xTaskRemoveFromEventList)
    xTaskResumeAll                           0x0800a34d   Thumb Code   222  tasks.o(i.xTaskResumeAll)
    xTimerCreateTimerTask                    0x0800a451   Thumb Code   100  timers.o(i.xTimerCreateTimerTask)
    xTimerGenericCommand                     0x0800a4c9   Thumb Code   128  timers.o(i.xTimerGenericCommand)
    void Motor_SendMsgs<Motor_GM6020, (int)4>(__CAN_HandleTypeDef*, T1(&)[T2]) 0x0800a54d   Thumb Code    90  swerve_chassis.o(t._Z14Motor_SendMsgsI12Motor_GM6020Li4EEvP19__CAN_HandleTypeDefRAT0__T_)
    void Motor_SendMsgs<VESC>(__CAN_HandleTypeDef*, T1&) 0x0800a5b9   Thumb Code    40  swerve_chassis.o(t._Z14Motor_SendMsgsI4VESCEvP19__CAN_HandleTypeDefRT_)
    void Motor_SendMsgs<VESC, (int)1>(__CAN_HandleTypeDef*, T1(&)[T2]) 0x0800a5e5   Thumb Code    82  swerve_chassis.o(t._Z14Motor_SendMsgsI4VESCLi1EEvP19__CAN_HandleTypeDefRAT0__T_)
    void motor_constraint<float>(T1*, T1, T1) 0x0800a649   Thumb Code    40  swerve_chassis.o(t._Z16motor_constraintIfEvPT_S0_S0_)
    T1 ABS<float>(T1)                        0x0800a671   Thumb Code    26  swerve_chassis.o(t._Z3ABSIfET_S0_)
    T1 ABS<int>(T1)                          0x0800a68b   Thumb Code    14  swerve_chassis.o(t._Z3ABSIiET_S0_)
    void Tools::_tool_Constrain<float>(T1*, T1, T1) 0x0800a699   Thumb Code    40  pid.o(t._ZN5Tools15_tool_ConstrainIfEEvPT_S1_S1_)
    T1 Tools::_tool_Abs<float>(T1)           0x0800a6c1   Thumb Code    26  pid.o(t._ZN5Tools9_tool_AbsIfEET_S1_)
    __aeabi_dneg                             0x0800a6db   Thumb Code     0  basic.o(x$fpl$basic)
    _dneg                                    0x0800a6db   Thumb Code     6  basic.o(x$fpl$basic)
    __aeabi_fneg                             0x0800a6e1   Thumb Code     0  basic.o(x$fpl$basic)
    _fneg                                    0x0800a6e1   Thumb Code     6  basic.o(x$fpl$basic)
    _dabs                                    0x0800a6e7   Thumb Code     6  basic.o(x$fpl$basic)
    _fabs                                    0x0800a6ed   Thumb Code     6  basic.o(x$fpl$basic)
    __aeabi_d2f                              0x0800a6f5   Thumb Code     0  d2f.o(x$fpl$d2f)
    _d2f                                     0x0800a6f5   Thumb Code    98  d2f.o(x$fpl$d2f)
    __aeabi_dadd                             0x0800a759   Thumb Code     0  daddsub_clz.o(x$fpl$dadd)
    _dadd                                    0x0800a759   Thumb Code   332  daddsub_clz.o(x$fpl$dadd)
    __aeabi_ddiv                             0x0800a8a9   Thumb Code     0  ddiv.o(x$fpl$ddiv)
    _ddiv                                    0x0800a8a9   Thumb Code   552  ddiv.o(x$fpl$ddiv)
    __aeabi_d2iz                             0x0800ab59   Thumb Code     0  dfix.o(x$fpl$dfix)
    _dfix                                    0x0800ab59   Thumb Code    94  dfix.o(x$fpl$dfix)
    __aeabi_i2d                              0x0800abb7   Thumb Code     0  dflt_clz.o(x$fpl$dflt)
    _dflt                                    0x0800abb7   Thumb Code    46  dflt_clz.o(x$fpl$dflt)
    __aeabi_ui2d                             0x0800abe5   Thumb Code     0  dflt_clz.o(x$fpl$dfltu)
    _dfltu                                   0x0800abe5   Thumb Code    38  dflt_clz.o(x$fpl$dfltu)
    __aeabi_dmul                             0x0800ac0d   Thumb Code     0  dmul.o(x$fpl$dmul)
    _dmul                                    0x0800ac0d   Thumb Code   332  dmul.o(x$fpl$dmul)
    __fpl_dnaninf                            0x0800ad61   Thumb Code   156  dnaninf.o(x$fpl$dnaninf)
    __fpl_dretinf                            0x0800adfd   Thumb Code    12  dretinf.o(x$fpl$dretinf)
    __aeabi_drsub                            0x0800ae09   Thumb Code     0  daddsub_clz.o(x$fpl$drsb)
    _drsb                                    0x0800ae09   Thumb Code    22  daddsub_clz.o(x$fpl$drsb)
    __aeabi_dsub                             0x0800ae21   Thumb Code     0  daddsub_clz.o(x$fpl$dsub)
    _dsub                                    0x0800ae21   Thumb Code   464  daddsub_clz.o(x$fpl$dsub)
    _fp_init                                 0x0800aff5   Thumb Code    10  fpinit.o(x$fpl$fpinit)
    __fplib_config_fpu_vfp                   0x0800affd   Thumb Code     0  fpinit.o(x$fpl$fpinit)
    __fplib_config_pureend_doubles           0x0800affd   Thumb Code     0  fpinit.o(x$fpl$fpinit)
    __fpl_fretinf                            0x0800afff   Thumb Code    10  fretinf.o(x$fpl$fretinf)
    CAN1_Send_attributes                     0x0800b008   Data          36  freertos.o(.constdata)
    __I$use$fp                               0x0800b008   Number         0  usenofp.o(x$fpl$usenofp)
    chassic_attributes                       0x0800b02c   Data          36  freertos.o(.constdata)
    CAN2_Send_attributes                     0x0800b050   Data          36  freertos.o(.constdata)
    UART_Send_attributes                     0x0800b074   Data          36  freertos.o(.constdata)
    user_debug_attributes                    0x0800b098   Data          36  freertos.o(.constdata)
    Air_Joy_attributes                       0x0800b0bc   Data          36  freertos.o(.constdata)
    Broadcast_attributes                     0x0800b0e0   Data          36  freertos.o(.constdata)
    AHBPrescTable                            0x0800b10c   Data          16  system_stm32f4xx.o(.constdata)
    APBPrescTable                            0x0800b11c   Data           8  system_stm32f4xx.o(.constdata)
    vtable for Motor_Base                    0x0800b2b0   Data          52  swerve_chassis.o(.constdata__ZTV10Motor_Base)
    vtable for Motor_C620                    0x0800b2e4   Data          68  user_debug.o(.constdata__ZTV10Motor_C620)
    vtable for Motor_Speed                   0x0800b328   Data          60  swerve_chassis.o(.constdata__ZTV11Motor_Speed)
    vtable for Motor_GM6020                  0x0800b364   Data          72  swerve_chassis.o(.constdata__ZTV12Motor_GM6020)
    vtable for VESC                          0x0800b3ac   Data          60  swerve_chassis.o(.constdata__ZTV4VESC)
    vtable for DM_Driver                     0x0800b3e8   Data          64  service_config.o(.constdata__ZTV9DM_Driver)
    vtable for RM_Common                     0x0800b428   Data          68  swerve_chassis.o(.constdata__ZTV9RM_Common)
    Region$$Table$$Base                      0x0800b4b8   Number         0  anon$$obj.o(Region$$Table)
    Region$$Table$$Limit                     0x0800b4d8   Number         0  anon$$obj.o(Region$$Table)
    SHT$$INIT_ARRAY$$Base                    0x0800b4d8   Number         0  air_joy.o(.init_array)
    SHT$$INIT_ARRAY$$Limit                   0x0800b4e8   Number         0  init_aeabi.o(.init_array)
    CAN1_SendHandle                          0x20000000   Data           4  freertos.o(.data)
    chassicHandle                            0x20000004   Data           4  freertos.o(.data)
    CAN2_SendHandle                          0x20000008   Data           4  freertos.o(.data)
    UART_SendHandle                          0x2000000c   Data           4  freertos.o(.data)
    user_debugHandle                         0x20000010   Data           4  freertos.o(.data)
    Air_JoyHandle                            0x20000014   Data           4  freertos.o(.data)
    BroadcastHandle                          0x20000018   Data           4  freertos.o(.data)
    uwTick                                   0x20000020   Data           4  stm32f4xx_hal.o(.data)
    uwTickPrio                               0x20000024   Data           4  stm32f4xx_hal.o(.data)
    uwTickFreq                               0x20000028   Data           1  stm32f4xx_hal.o(.data)
    SystemCoreClock                          0x2000002c   Data           4  system_stm32f4xx.o(.data)
    pxCurrentTCB                             0x20000030   Data           4  tasks.o(.data)
    x                                        0x200000b0   Data           4  ros.o(.data)
    y                                        0x200000b4   Data           4  ros.o(.data)
    z                                        0x200000b8   Data           4  ros.o(.data)
    ROS::get_systemTick                      0x200000bc   Data           4  ros.o(.data)
    AirJoy::get_systemTick                   0x200000c0   Data           4  air_joy.o(.data)
    Chassis_Base::get_systemTick             0x200000c4   Data           4  swerve_chassis.o(.data)
    Broadcast::get_systemTick                0x200000e8   Data           4  broadcast.o(.data)
    Port                                     0x200000f8   Data           4  data_pool.o(.data)
    CAN1_TxPort                              0x200000fc   Data           4  data_pool.o(.data)
    CAN2_TxPort                              0x20000100   Data           4  data_pool.o(.data)
    UART_TxPort                              0x20000104   Data           4  data_pool.o(.data)
    Recieve_ROS_Port                         0x20000108   Data           4  data_pool.o(.data)
    Send_ROS_Port                            0x2000010c   Data           4  data_pool.o(.data)
    Chassia_Port                             0x20000110   Data           4  data_pool.o(.data)
    Broadcast_Port                           0x20000114   Data           4  data_pool.o(.data)
    can_flag                                 0x20000118   Data           4  service_communication.o(.data)
    SystemTimerCnt                           0x20000124   Data           4  drive_tim.o(.data)
    Timer_Manager                            0x20000128   Data           8  drive_tim.o(.data)
    PidTimer::get_systemTick                 0x20000134   Data           4  pid.o(.data)
    hcan1                                    0x20000154   Data          40  can.o(.bss)
    hcan2                                    0x2000017c   Data          40  can.o(.bss)
    htim4                                    0x200001a4   Data          72  tim.o(.bss)
    htim10                                   0x200001ec   Data          72  tim.o(.bss)
    huart1                                   0x20000234   Data          68  usart.o(.bss)
    huart2                                   0x20000278   Data          68  usart.o(.bss)
    huart3                                   0x200002bc   Data          68  usart.o(.bss)
    huart6                                   0x20000300   Data          68  usart.o(.bss)
    hdma_usart1_tx                           0x20000344   Data          96  usart.o(.bss)
    hdma_usart1_rx                           0x200003a4   Data          96  usart.o(.bss)
    hdma_usart2_rx                           0x20000404   Data          96  usart.o(.bss)
    hdma_usart2_tx                           0x20000464   Data          96  usart.o(.bss)
    hdma_usart3_rx                           0x200004c4   Data          96  usart.o(.bss)
    hdma_usart3_tx                           0x20000524   Data          96  usart.o(.bss)
    hdma_usart6_rx                           0x20000584   Data          96  usart.o(.bss)
    hdma_usart6_tx                           0x200005e4   Data          96  usart.o(.bss)
    htim3                                    0x20000644   Data          72  stm32f4xx_hal_timebase_tim.o(.bss)
    xQueueRegistry                           0x2000068c   Data          64  queue.o(.bss)
    air_joy                                  0x20004f60   Data          52  air_joy.o(.bss)
    RudderMotor                              0x20004f94   Data         176  swerve_chassis.o(.bss)
    WheelMotor                               0x20005044   Data         224  swerve_chassis.o(.bss)
    Uart3_Rx_Buff                            0x20005144   Data          25  data_pool.o(.bss)
    chassis                                  0x20005160   Data        1168  service_config.o(.bss)
    M3508                                    0x200055f0   Data          44  user_debug.o(.bss)
    MD4219                                   0x2000561c   Data          56  user_debug.o(.bss)
    DM43                                     0x20005654   Data          88  user_debug.o(.bss)
    usart1_manager                           0x200056f4   Data          16  drive_uart.o(.bss)
    usart2_manager                           0x20005704   Data          16  drive_uart.o(.bss)
    usart3_manager                           0x20005714   Data          16  drive_uart.o(.bss)
    usart6_manager                           0x20005724   Data          16  drive_uart.o(.bss)
    __libspace_start                         0x200057bc   Data          96  libspace.o(.bss)
    __temporary_stack_top$libspace           0x2000581c   Data           0  libspace.o(.bss)



==============================================================================

Memory Map of the image

  Image Entry point : 0x08000189

  Load Region LR_IROM1 (Base: 0x08000000, Size: 0x0000b63c, Max: 0x00100000, ABSOLUTE, COMPRESSED[0x0000b4f8])

    Execution Region ER_IROM1 (Exec base: 0x08000000, Load base: 0x08000000, Size: 0x0000b4e8, Max: 0x00100000, ABSOLUTE)

    Exec Addr    Load Addr    Size         Type   Attr      Idx    E Section Name        Object

    0x08000000   0x08000000   0x00000188   Data   RO            3    RESET               startup_stm32f407xx.o
    0x08000188   0x08000188   0x00000008   Code   RO         7601  * !!!main             c_w.l(__main.o)
    0x08000190   0x08000190   0x00000034   Code   RO         8244    !!!scatter          c_w.l(__scatter.o)
    0x080001c4   0x080001c4   0x0000003a   Code   RO         8242    !!dczerorl          c_w.l(__dczerorl.o)
    0x080001fe   0x080001fe   0x00000002   PAD
    0x08000200   0x08000200   0x0000001c   Code   RO         8246    !!handler_zi        c_w.l(__scatter_zi.o)
    0x0800021c   0x0800021c   0x00000002   Code   RO         8180    .ARM.Collect$$libinit$$00000000  c_w.l(libinit.o)
    0x0800021e   0x0800021e   0x00000004   Code   RO         7890    .ARM.Collect$$libinit$$00000001  c_w.l(libinit2.o)
    0x08000222   0x08000222   0x00000000   Code   RO         7893    .ARM.Collect$$libinit$$00000004  c_w.l(libinit2.o)
    0x08000222   0x08000222   0x00000008   Code   RO         7894    .ARM.Collect$$libinit$$00000005  c_w.l(libinit2.o)
    0x0800022a   0x0800022a   0x00000000   Code   RO         7896    .ARM.Collect$$libinit$$0000000A  c_w.l(libinit2.o)
    0x0800022a   0x0800022a   0x00000000   Code   RO         7898    .ARM.Collect$$libinit$$0000000C  c_w.l(libinit2.o)
    0x0800022a   0x0800022a   0x00000000   Code   RO         7900    .ARM.Collect$$libinit$$0000000E  c_w.l(libinit2.o)
    0x0800022a   0x0800022a   0x00000000   Code   RO         7903    .ARM.Collect$$libinit$$00000011  c_w.l(libinit2.o)
    0x0800022a   0x0800022a   0x00000000   Code   RO         7905    .ARM.Collect$$libinit$$00000013  c_w.l(libinit2.o)
    0x0800022a   0x0800022a   0x00000000   Code   RO         7907    .ARM.Collect$$libinit$$00000015  c_w.l(libinit2.o)
    0x0800022a   0x0800022a   0x00000000   Code   RO         7909    .ARM.Collect$$libinit$$00000017  c_w.l(libinit2.o)
    0x0800022a   0x0800022a   0x00000000   Code   RO         7911    .ARM.Collect$$libinit$$00000019  c_w.l(libinit2.o)
    0x0800022a   0x0800022a   0x00000000   Code   RO         7913    .ARM.Collect$$libinit$$0000001B  c_w.l(libinit2.o)
    0x0800022a   0x0800022a   0x00000000   Code   RO         7915    .ARM.Collect$$libinit$$0000001D  c_w.l(libinit2.o)
    0x0800022a   0x0800022a   0x00000000   Code   RO         7917    .ARM.Collect$$libinit$$0000001F  c_w.l(libinit2.o)
    0x0800022a   0x0800022a   0x00000000   Code   RO         7919    .ARM.Collect$$libinit$$00000021  c_w.l(libinit2.o)
    0x0800022a   0x0800022a   0x00000000   Code   RO         7921    .ARM.Collect$$libinit$$00000023  c_w.l(libinit2.o)
    0x0800022a   0x0800022a   0x00000000   Code   RO         7923    .ARM.Collect$$libinit$$00000025  c_w.l(libinit2.o)
    0x0800022a   0x0800022a   0x00000000   Code   RO         7927    .ARM.Collect$$libinit$$0000002C  c_w.l(libinit2.o)
    0x0800022a   0x0800022a   0x00000000   Code   RO         7929    .ARM.Collect$$libinit$$0000002E  c_w.l(libinit2.o)
    0x0800022a   0x0800022a   0x00000000   Code   RO         7931    .ARM.Collect$$libinit$$00000030  c_w.l(libinit2.o)
    0x0800022a   0x0800022a   0x00000004   Code   RO         7932    .ARM.Collect$$libinit$$00000031  c_w.l(libinit2.o)
    0x0800022e   0x0800022e   0x00000000   Code   RO         7933    .ARM.Collect$$libinit$$00000032  c_w.l(libinit2.o)
    0x0800022e   0x0800022e   0x00000002   Code   RO         7934    .ARM.Collect$$libinit$$00000033  c_w.l(libinit2.o)
    0x08000230   0x08000230   0x00000002   Code   RO         8239    .ARM.Collect$$libshutdown$$00000000  c_w.l(libshutdown.o)
    0x08000232   0x08000232   0x00000006   Code   RO         8067    .ARM.Collect$$libshutdown$$00000001  c_w.l(libshutdown2.o)
    0x08000238   0x08000238   0x00000000   Code   RO         8068    .ARM.Collect$$libshutdown$$00000002  c_w.l(libshutdown2.o)
    0x08000238   0x08000238   0x00000000   Code   RO         8070    .ARM.Collect$$libshutdown$$00000004  c_w.l(libshutdown2.o)
    0x08000238   0x08000238   0x00000000   Code   RO         8073    .ARM.Collect$$libshutdown$$00000007  c_w.l(libshutdown2.o)
    0x08000238   0x08000238   0x00000000   Code   RO         8076    .ARM.Collect$$libshutdown$$0000000A  c_w.l(libshutdown2.o)
    0x08000238   0x08000238   0x00000000   Code   RO         8078    .ARM.Collect$$libshutdown$$0000000C  c_w.l(libshutdown2.o)
    0x08000238   0x08000238   0x00000000   Code   RO         8081    .ARM.Collect$$libshutdown$$0000000F  c_w.l(libshutdown2.o)
    0x08000238   0x08000238   0x00000002   Code   RO         8082    .ARM.Collect$$libshutdown$$00000010  c_w.l(libshutdown2.o)
    0x0800023a   0x0800023a   0x00000000   Code   RO         7807    .ARM.Collect$$rtentry$$00000000  c_w.l(__rtentry.o)
    0x0800023a   0x0800023a   0x00000000   Code   RO         8011    .ARM.Collect$$rtentry$$00000002  c_w.l(__rtentry2.o)
    0x0800023a   0x0800023a   0x00000006   Code   RO         8023    .ARM.Collect$$rtentry$$00000004  c_w.l(__rtentry4.o)
    0x08000240   0x08000240   0x00000000   Code   RO         8013    .ARM.Collect$$rtentry$$00000009  c_w.l(__rtentry2.o)
    0x08000240   0x08000240   0x00000004   Code   RO         8014    .ARM.Collect$$rtentry$$0000000A  c_w.l(__rtentry2.o)
    0x08000244   0x08000244   0x00000000   Code   RO         8016    .ARM.Collect$$rtentry$$0000000C  c_w.l(__rtentry2.o)
    0x08000244   0x08000244   0x00000008   Code   RO         8017    .ARM.Collect$$rtentry$$0000000D  c_w.l(__rtentry2.o)
    0x0800024c   0x0800024c   0x00000002   Code   RO         8198    .ARM.Collect$$rtexit$$00000000  c_w.l(rtexit.o)
    0x0800024e   0x0800024e   0x00000000   Code   RO         8215    .ARM.Collect$$rtexit$$00000002  c_w.l(rtexit2.o)
    0x0800024e   0x0800024e   0x00000004   Code   RO         8216    .ARM.Collect$$rtexit$$00000003  c_w.l(rtexit2.o)
    0x08000252   0x08000252   0x00000006   Code   RO         8217    .ARM.Collect$$rtexit$$00000004  c_w.l(rtexit2.o)
    0x08000258   0x08000258   0x000000be   Code   RO         5269    .emb_text           port.o
    0x08000316   0x08000316   0x00000002   PAD
    0x08000318   0x08000318   0x00000000   Code   RO         8146    .emb_text           c_w.l(maybetermalloc1.o)
    0x08000318   0x08000318   0x00000040   Code   RO            4    .text               startup_stm32f407xx.o
    0x08000358   0x08000358   0x000000ee   Code   RO         7581    .text               c_w.l(lludivv7m.o)
    0x08000446   0x08000446   0x0000002e   Code   RO         7586    .text               c_w.l(aeabi_atexit.o)
    0x08000474   0x08000474   0x0000008a   Code   RO         7589    .text               c_w.l(rt_memcpy_v6.o)
    0x080004fe   0x080004fe   0x00000064   Code   RO         7591    .text               c_w.l(rt_memcpy_w.o)
    0x08000562   0x08000562   0x00000010   Code   RO         7595    .text               c_w.l(aeabi_memset.o)
    0x08000572   0x08000572   0x0000004e   Code   RO         7597    .text               c_w.l(rt_memclr_w.o)
    0x080005c0   0x080005c0   0x00000006   Code   RO         7599    .text               c_w.l(heapauxi.o)
    0x080005c6   0x080005c6   0x00000002   PAD
    0x080005c8   0x080005c8   0x00000024   Code   RO         7606    .text               c_w.l(init_aeabi.o)
    0x080005ec   0x080005ec   0x00000022   Code   RO         7730    .text               cpprt_w.l(aeabi_vec_dtor_noexceptions.o)
    0x0800060e   0x0800060e   0x00000002   PAD
    0x08000610   0x08000610   0x00000008   Code   RO         7815    .text               c_w.l(rt_ddtor_pointer_addr_intlibspace.o)
    0x08000618   0x08000618   0x0000005e   Code   RO         7821    .text               c_w.l(h1_alloc.o)
    0x08000676   0x08000676   0x0000004e   Code   RO         7823    .text               c_w.l(h1_free.o)
    0x080006c4   0x080006c4   0x00000016   Code   RO         7879    .text               c_w.l(_rserrno.o)
    0x080006da   0x080006da   0x00000042   Code   RO         7881    .text               c_w.l(cxa_finalize.o)
    0x0800071c   0x0800071c   0x00000044   Code   RO         7888    .text               c_w.l(rt_memclr.o)
    0x08000760   0x08000760   0x00000008   Code   RO         8005    .text               c_w.l(libspace.o)
    0x08000768   0x08000768   0x00000008   Code   RO         8032    .text               c_w.l(rt_heap_descriptor_intlibspace.o)
    0x08000770   0x08000770   0x00000008   Code   RO         8037    .text               c_w.l(rt_errno_addr_intlibspace.o)
    0x08000778   0x08000778   0x00000004   Code   RO         8039    .text               c_w.l(hguard.o)
    0x0800077c   0x0800077c   0x0000008a   Code   RO         8041    .text               c_w.l(init_alloc.o)
    0x08000806   0x08000806   0x0000000e   Code   RO         8045    .text               c_w.l(h1_init.o)
    0x08000814   0x08000814   0x0000000a   Code   RO         8059    .text               c_w.l(defsig_exit.o)
    0x0800081e   0x0800081e   0x00000002   PAD
    0x08000820   0x08000820   0x0000000c   Code   RO         8135    .text               c_w.l(sys_exit.o)
    0x0800082c   0x0800082c   0x0000004a   Code   RO         8137    .text               c_w.l(sys_stackheap_outer.o)
    0x08000876   0x08000876   0x00000034   Code   RO         8148    .text               c_w.l(h1_extend.o)
    0x080008aa   0x080008aa   0x00000012   Code   RO         8152    .text               c_w.l(exit.o)
    0x080008bc   0x080008bc   0x00000032   Code   RO         8158    .text               c_w.l(defsig_general.o)
    0x080008ee   0x080008ee   0x0000000e   Code   RO         8164    .text               c_w.l(defsig_rtmem_outer.o)
    0x080008fc   0x080008fc   0x0000000e   Code   RO         8193    .text               c_w.l(sys_wrch.o)
    0x0800090a   0x0800090a   0x00000002   Code   RO         8195    .text               c_w.l(use_no_semi.o)
    0x0800090c   0x0800090c   0x00000000   Code   RO         8197    .text               c_w.l(indicate_semi.o)
    0x0800090c   0x0800090c   0x00000050   Code   RO         8210    .text               c_w.l(defsig_rtmem_inner.o)
    0x0800095c   0x0800095c   0x0000001c   Code   RO         5670    i.<Func11>          swerve_chassis.o
    0x08000978   0x08000978   0x0000001c   Code   RO         5671    i.<Func12>          swerve_chassis.o
    0x08000994   0x08000994   0x0000000e   Code   RO         7494    i.Air_Joy_Task      fsm_joy.o
    0x080009a2   0x080009a2   0x00000002   PAD
    0x080009a4   0x080009a4   0x00000038   Code   RO         6714    i.App_Init          service_config.o
    0x080009dc   0x080009dc   0x00000064   Code   RO         7495    i.Broadcast_Task    fsm_joy.o
    0x08000a40   0x08000a40   0x00000004   Code   RO          504    i.BusFault_Handler  stm32f4xx_it.o
    0x08000a44   0x08000a44   0x00000010   Code   RO          505    i.CAN1_RX0_IRQHandler  stm32f4xx_it.o
    0x08000a54   0x08000a54   0x0000008c   Code   RO         6586    i.CAN1_RxCallBack   service_communication.o
    0x08000ae0   0x08000ae0   0x00000040   Code   RO         6587    i.CAN1_Send_Task    service_communication.o
    0x08000b20   0x08000b20   0x00000010   Code   RO          506    i.CAN1_TX_IRQHandler  stm32f4xx_it.o
    0x08000b30   0x08000b30   0x00000010   Code   RO          507    i.CAN2_RX0_IRQHandler  stm32f4xx_it.o
    0x08000b40   0x08000b40   0x00000038   Code   RO         6588    i.CAN2_RxCallBack   service_communication.o
    0x08000b78   0x08000b78   0x0000003c   Code   RO         6589    i.CAN2_Send_Task    service_communication.o
    0x08000bb4   0x08000bb4   0x00000010   Code   RO          508    i.CAN2_TX_IRQHandler  stm32f4xx_it.o
    0x08000bc4   0x08000bc4   0x00000074   Code   RO         7017    i.CAN_Filter_Init   drive_can.o
    0x08000c38   0x08000c38   0x00000070   Code   RO         7018    i.CAN_Init          drive_can.o
    0x08000ca8   0x08000ca8   0x00000044   Code   RO         7439    i.Chassis_Task      chassis_task.o
    0x08000cec   0x08000cec   0x00000010   Code   RO          509    i.DMA1_Stream1_IRQHandler  stm32f4xx_it.o
    0x08000cfc   0x08000cfc   0x00000010   Code   RO          510    i.DMA1_Stream3_IRQHandler  stm32f4xx_it.o
    0x08000d0c   0x08000d0c   0x00000010   Code   RO          511    i.DMA1_Stream5_IRQHandler  stm32f4xx_it.o
    0x08000d1c   0x08000d1c   0x00000010   Code   RO          512    i.DMA1_Stream6_IRQHandler  stm32f4xx_it.o
    0x08000d2c   0x08000d2c   0x00000010   Code   RO          513    i.DMA2_Stream1_IRQHandler  stm32f4xx_it.o
    0x08000d3c   0x08000d3c   0x00000010   Code   RO          514    i.DMA2_Stream2_IRQHandler  stm32f4xx_it.o
    0x08000d4c   0x08000d4c   0x00000010   Code   RO          515    i.DMA2_Stream6_IRQHandler  stm32f4xx_it.o
    0x08000d5c   0x08000d5c   0x00000010   Code   RO          516    i.DMA2_Stream7_IRQHandler  stm32f4xx_it.o
    0x08000d6c   0x08000d6c   0x00000034   Code   RO         1477    i.DMA_CalcBaseAndBitshift  stm32f4xx_hal_dma.o
    0x08000da0   0x08000da0   0x000000aa   Code   RO         1478    i.DMA_CheckFifoParam  stm32f4xx_hal_dma.o
    0x08000e4a   0x08000e4a   0x0000002c   Code   RO         1479    i.DMA_SetConfig     stm32f4xx_hal_dma.o
    0x08000e76   0x08000e76   0x00000002   PAD
    0x08000e78   0x08000e78   0x00000084   Code   RO         6554    i.DataPool_Init     data_pool.o
    0x08000efc   0x08000efc   0x00000002   Code   RO          517    i.DebugMon_Handler  stm32f4xx_it.o
    0x08000efe   0x08000efe   0x0000000a   Code   RO          518    i.EXTI9_5_IRQHandler  stm32f4xx_it.o
    0x08000f08   0x08000f08   0x00000006   Code   RO           13    i.Error_Handler     main.o
    0x08000f0e   0x08000f0e   0x00000004   Code   RO         7077    i.Error_Handler     drive_tim.o
    0x08000f12   0x08000f12   0x00000002   PAD
    0x08000f14   0x08000f14   0x0000001c   Code   RO         7078    i.Get_SystemTimer   drive_tim.o
    0x08000f30   0x08000f30   0x0000002a   Code   RO          740    i.HAL_CAN_ActivateNotification  stm32f4xx_hal_can.o
    0x08000f5a   0x08000f5a   0x00000156   Code   RO          741    i.HAL_CAN_AddTxMessage  stm32f4xx_hal_can.o
    0x080010b0   0x080010b0   0x00000124   Code   RO          742    i.HAL_CAN_ConfigFilter  stm32f4xx_hal_can.o
    0x080011d4   0x080011d4   0x00000002   Code   RO          745    i.HAL_CAN_ErrorCallback  stm32f4xx_hal_can.o
    0x080011d6   0x080011d6   0x0000017a   Code   RO          748    i.HAL_CAN_GetRxMessage  stm32f4xx_hal_can.o
    0x08001350   0x08001350   0x00000036   Code   RO          750    i.HAL_CAN_GetTxMailboxesFreeLevel  stm32f4xx_hal_can.o
    0x08001386   0x08001386   0x0000024e   Code   RO          752    i.HAL_CAN_IRQHandler  stm32f4xx_hal_can.o
    0x080015d4   0x080015d4   0x00000174   Code   RO          753    i.HAL_CAN_Init      stm32f4xx_hal_can.o
    0x08001748   0x08001748   0x00000184   Code   RO          318    i.HAL_CAN_MspInit   can.o
    0x080018cc   0x080018cc   0x00000002   Code   RO          760    i.HAL_CAN_RxFifo0FullCallback  stm32f4xx_hal_can.o
    0x080018ce   0x080018ce   0x00000002   PAD
    0x080018d0   0x080018d0   0x00000058   Code   RO         7019    i.HAL_CAN_RxFifo0MsgPendingCallback  drive_can.o
    0x08001928   0x08001928   0x00000002   Code   RO          762    i.HAL_CAN_RxFifo1FullCallback  stm32f4xx_hal_can.o
    0x0800192a   0x0800192a   0x00000002   PAD
    0x0800192c   0x0800192c   0x00000058   Code   RO         7020    i.HAL_CAN_RxFifo1MsgPendingCallback  drive_can.o
    0x08001984   0x08001984   0x00000002   Code   RO          764    i.HAL_CAN_SleepCallback  stm32f4xx_hal_can.o
    0x08001986   0x08001986   0x0000005e   Code   RO          765    i.HAL_CAN_Start     stm32f4xx_hal_can.o
    0x080019e4   0x080019e4   0x00000002   Code   RO          767    i.HAL_CAN_TxMailbox0AbortCallback  stm32f4xx_hal_can.o
    0x080019e6   0x080019e6   0x00000002   Code   RO          768    i.HAL_CAN_TxMailbox0CompleteCallback  stm32f4xx_hal_can.o
    0x080019e8   0x080019e8   0x00000002   Code   RO          769    i.HAL_CAN_TxMailbox1AbortCallback  stm32f4xx_hal_can.o
    0x080019ea   0x080019ea   0x00000002   Code   RO          770    i.HAL_CAN_TxMailbox1CompleteCallback  stm32f4xx_hal_can.o
    0x080019ec   0x080019ec   0x00000002   Code   RO          771    i.HAL_CAN_TxMailbox2AbortCallback  stm32f4xx_hal_can.o
    0x080019ee   0x080019ee   0x00000002   Code   RO          772    i.HAL_CAN_TxMailbox2CompleteCallback  stm32f4xx_hal_can.o
    0x080019f0   0x080019f0   0x00000002   Code   RO          774    i.HAL_CAN_WakeUpFromRxMsgCallback  stm32f4xx_hal_can.o
    0x080019f2   0x080019f2   0x000000ac   Code   RO         1480    i.HAL_DMA_Abort     stm32f4xx_hal_dma.o
    0x08001a9e   0x08001a9e   0x00000028   Code   RO         1481    i.HAL_DMA_Abort_IT  stm32f4xx_hal_dma.o
    0x08001ac6   0x08001ac6   0x00000002   PAD
    0x08001ac8   0x08001ac8   0x00000240   Code   RO         1485    i.HAL_DMA_IRQHandler  stm32f4xx_hal_dma.o
    0x08001d08   0x08001d08   0x000000ec   Code   RO         1486    i.HAL_DMA_Init      stm32f4xx_hal_dma.o
    0x08001df4   0x08001df4   0x00000092   Code   RO         1490    i.HAL_DMA_Start_IT  stm32f4xx_hal_dma.o
    0x08001e86   0x08001e86   0x00000002   PAD
    0x08001e88   0x08001e88   0x00000014   Code   RO         5548    i.HAL_GPIO_EXTI_Callback  air_joy.o
    0x08001e9c   0x08001e9c   0x0000001c   Code   RO         1372    i.HAL_GPIO_EXTI_IRQHandler  stm32f4xx_hal_gpio.o
    0x08001eb8   0x08001eb8   0x000001f4   Code   RO         1373    i.HAL_GPIO_Init     stm32f4xx_hal_gpio.o
    0x080020ac   0x080020ac   0x0000000c   Code   RO         1910    i.HAL_GetTick       stm32f4xx_hal.o
    0x080020b8   0x080020b8   0x00000018   Code   RO         1916    i.HAL_IncTick       stm32f4xx_hal.o
    0x080020d0   0x080020d0   0x0000003c   Code   RO         1917    i.HAL_Init          stm32f4xx_hal.o
    0x0800210c   0x0800210c   0x000000b4   Code   RO          700    i.HAL_InitTick      stm32f4xx_hal_timebase_tim.o
    0x080021c0   0x080021c0   0x00000054   Code   RO          676    i.HAL_MspInit       stm32f4xx_hal_msp.o
    0x08002214   0x08002214   0x00000020   Code   RO         1762    i.HAL_NVIC_EnableIRQ  stm32f4xx_hal_cortex.o
    0x08002234   0x08002234   0x0000007c   Code   RO         1768    i.HAL_NVIC_SetPriority  stm32f4xx_hal_cortex.o
    0x080022b0   0x080022b0   0x00000028   Code   RO         1769    i.HAL_NVIC_SetPriorityGrouping  stm32f4xx_hal_cortex.o
    0x080022d8   0x080022d8   0x00000184   Code   RO          974    i.HAL_RCC_ClockConfig  stm32f4xx_hal_rcc.o
    0x0800245c   0x0800245c   0x00000044   Code   RO          978    i.HAL_RCC_GetClockConfig  stm32f4xx_hal_rcc.o
    0x080024a0   0x080024a0   0x0000000c   Code   RO          979    i.HAL_RCC_GetHCLKFreq  stm32f4xx_hal_rcc.o
    0x080024ac   0x080024ac   0x00000020   Code   RO          981    i.HAL_RCC_GetPCLK1Freq  stm32f4xx_hal_rcc.o
    0x080024cc   0x080024cc   0x00000020   Code   RO          982    i.HAL_RCC_GetPCLK2Freq  stm32f4xx_hal_rcc.o
    0x080024ec   0x080024ec   0x000000b0   Code   RO          983    i.HAL_RCC_GetSysClockFreq  stm32f4xx_hal_rcc.o
    0x0800259c   0x0800259c   0x0000049c   Code   RO          986    i.HAL_RCC_OscConfig  stm32f4xx_hal_rcc.o
    0x08002a38   0x08002a38   0x00000002   Code   RO         2872    i.HAL_TIMEx_BreakCallback  stm32f4xx_hal_tim_ex.o
    0x08002a3a   0x08002a3a   0x00000002   Code   RO         2873    i.HAL_TIMEx_CommutCallback  stm32f4xx_hal_tim_ex.o
    0x08002a3c   0x08002a3c   0x000000b4   Code   RO         2891    i.HAL_TIMEx_MasterConfigSynchronization  stm32f4xx_hal_tim_ex.o
    0x08002af0   0x08002af0   0x00000066   Code   RO         2157    i.HAL_TIM_Base_Init  stm32f4xx_hal_tim.o
    0x08002b56   0x08002b56   0x00000002   PAD
    0x08002b58   0x08002b58   0x00000078   Code   RO          391    i.HAL_TIM_Base_MspInit  tim.o
    0x08002bd0   0x08002bd0   0x000000a8   Code   RO         2162    i.HAL_TIM_Base_Start_IT  stm32f4xx_hal_tim.o
    0x08002c78   0x08002c78   0x0000010c   Code   RO         2166    i.HAL_TIM_ConfigClockSource  stm32f4xx_hal_tim.o
    0x08002d84   0x08002d84   0x00000002   Code   RO         2191    i.HAL_TIM_IC_CaptureCallback  stm32f4xx_hal_tim.o
    0x08002d86   0x08002d86   0x00000196   Code   RO         2205    i.HAL_TIM_IRQHandler  stm32f4xx_hal_tim.o
    0x08002f1c   0x08002f1c   0x00000060   Code   RO          392    i.HAL_TIM_MspPostInit  tim.o
    0x08002f7c   0x08002f7c   0x00000002   Code   RO         2208    i.HAL_TIM_OC_DelayElapsedCallback  stm32f4xx_hal_tim.o
    0x08002f7e   0x08002f7e   0x00000104   Code   RO         2229    i.HAL_TIM_PWM_ConfigChannel  stm32f4xx_hal_tim.o
    0x08003082   0x08003082   0x00000066   Code   RO         2232    i.HAL_TIM_PWM_Init  stm32f4xx_hal_tim.o
    0x080030e8   0x080030e8   0x00000002   Code   RO         2234    i.HAL_TIM_PWM_MspInit  stm32f4xx_hal_tim.o
    0x080030ea   0x080030ea   0x00000002   Code   RO         2235    i.HAL_TIM_PWM_PulseFinishedCallback  stm32f4xx_hal_tim.o
    0x080030ec   0x080030ec   0x0000010c   Code   RO         2237    i.HAL_TIM_PWM_Start  stm32f4xx_hal_tim.o
    0x080031f8   0x080031f8   0x00000028   Code   RO           14    i.HAL_TIM_PeriodElapsedCallback  main.o
    0x08003220   0x08003220   0x00000002   Code   RO         2248    i.HAL_TIM_TriggerCallback  stm32f4xx_hal_tim.o
    0x08003222   0x08003222   0x00000002   Code   RO         3150    i.HAL_UARTEx_RxEventCallback  stm32f4xx_hal_uart.o
    0x08003224   0x08003224   0x0000008a   Code   RO         3162    i.HAL_UART_DMAStop  stm32f4xx_hal_uart.o
    0x080032ae   0x080032ae   0x00000002   Code   RO         3164    i.HAL_UART_ErrorCallback  stm32f4xx_hal_uart.o
    0x080032b0   0x080032b0   0x000002e0   Code   RO         3167    i.HAL_UART_IRQHandler  stm32f4xx_hal_uart.o
    0x08003590   0x08003590   0x00000072   Code   RO         3168    i.HAL_UART_Init     stm32f4xx_hal_uart.o
    0x08003602   0x08003602   0x00000002   PAD
    0x08003604   0x08003604   0x00000434   Code   RO          445    i.HAL_UART_MspInit  usart.o
    0x08003a38   0x08003a38   0x00000042   Code   RO         3172    i.HAL_UART_Receive_DMA  stm32f4xx_hal_uart.o
    0x08003a7a   0x08003a7a   0x00000002   Code   RO         3174    i.HAL_UART_RxCpltCallback  stm32f4xx_hal_uart.o
    0x08003a7c   0x08003a7c   0x00000002   Code   RO         3175    i.HAL_UART_RxHalfCpltCallback  stm32f4xx_hal_uart.o
    0x08003a7e   0x08003a7e   0x00000002   PAD
    0x08003a80   0x08003a80   0x000000ac   Code   RO         3177    i.HAL_UART_Transmit_DMA  stm32f4xx_hal_uart.o
    0x08003b2c   0x08003b2c   0x00000002   Code   RO         3179    i.HAL_UART_TxCpltCallback  stm32f4xx_hal_uart.o
    0x08003b2e   0x08003b2e   0x00000002   Code   RO         3180    i.HAL_UART_TxHalfCpltCallback  stm32f4xx_hal_uart.o
    0x08003b30   0x08003b30   0x00000004   Code   RO          519    i.HardFault_Handler  stm32f4xx_it.o
    0x08003b34   0x08003b34   0x00000044   Code   RO          319    i.MX_CAN1_Init      can.o
    0x08003b78   0x08003b78   0x00000044   Code   RO          320    i.MX_CAN2_Init      can.o
    0x08003bbc   0x08003bbc   0x000000c8   Code   RO          366    i.MX_DMA_Init       dma.o
    0x08003c84   0x08003c84   0x000000bc   Code   RO          275    i.MX_FREERTOS_Init  freertos.o
    0x08003d40   0x08003d40   0x000000d8   Code   RO          250    i.MX_GPIO_Init      gpio.o
    0x08003e18   0x08003e18   0x0000006c   Code   RO          393    i.MX_TIM10_Init     tim.o
    0x08003e84   0x08003e84   0x0000006c   Code   RO          394    i.MX_TIM4_Init      tim.o
    0x08003ef0   0x08003ef0   0x00000038   Code   RO          446    i.MX_USART1_UART_Init  usart.o
    0x08003f28   0x08003f28   0x00000038   Code   RO          447    i.MX_USART2_UART_Init  usart.o
    0x08003f60   0x08003f60   0x00000038   Code   RO          448    i.MX_USART3_UART_Init  usart.o
    0x08003f98   0x08003f98   0x00000038   Code   RO          449    i.MX_USART6_UART_Init  usart.o
    0x08003fd0   0x08003fd0   0x00000004   Code   RO          520    i.MemManage_Handler  stm32f4xx_it.o
    0x08003fd4   0x08003fd4   0x00000004   Code   RO          521    i.NMI_Handler       stm32f4xx_it.o
    0x08003fd8   0x08003fd8   0x00000022   Code   RO         7079    i.PWM_ReInit        drive_tim.o
    0x08003ffa   0x08003ffa   0x00000002   PAD
    0x08003ffc   0x08003ffc   0x00000190   Code   RO         7496    i.ROS_Cmd_Process   fsm_joy.o
    0x0800418c   0x0800418c   0x00000034   Code   RO         6590    i.ROS_UART3_RxCallback  service_communication.o
    0x080041c0   0x080041c0   0x00000036   Code   RO         7080    i.Set_PwmDuty       drive_tim.o
    0x080041f6   0x080041f6   0x00000020   Code   RO         7081    i.Set_PwmFreq       drive_tim.o
    0x08004216   0x08004216   0x00000016   Code   RO         4684    i.SysTick_Handler   cmsis_os2.o
    0x0800422c   0x0800422c   0x000000b4   Code   RO           15    i.SystemClock_Config  main.o
    0x080042e0   0x080042e0   0x00000014   Code   RO         3507    i.SystemInit        system_stm32f4xx.o
    0x080042f4   0x080042f4   0x00000094   Code   RO         6715    i.System_Resource_Init  service_config.o
    0x08004388   0x08004388   0x00000010   Code   RO          522    i.TIM3_IRQHandler   stm32f4xx_it.o
    0x08004398   0x08004398   0x00000010   Code   RO          523    i.TIM4_IRQHandler   stm32f4xx_it.o
    0x080043a8   0x080043a8   0x000000d8   Code   RO         2250    i.TIM_Base_SetConfig  stm32f4xx_hal_tim.o
    0x08004480   0x08004480   0x00000022   Code   RO         2251    i.TIM_CCxChannelCmd  stm32f4xx_hal_tim.o
    0x080044a2   0x080044a2   0x00000016   Code   RO         2261    i.TIM_ETR_SetConfig  stm32f4xx_hal_tim.o
    0x080044b8   0x080044b8   0x00000012   Code   RO         2262    i.TIM_ITRx_SetConfig  stm32f4xx_hal_tim.o
    0x080044ca   0x080044ca   0x00000002   PAD
    0x080044cc   0x080044cc   0x00000070   Code   RO         2263    i.TIM_OC1_SetConfig  stm32f4xx_hal_tim.o
    0x0800453c   0x0800453c   0x0000007c   Code   RO         2264    i.TIM_OC2_SetConfig  stm32f4xx_hal_tim.o
    0x080045b8   0x080045b8   0x00000078   Code   RO         2265    i.TIM_OC3_SetConfig  stm32f4xx_hal_tim.o
    0x08004630   0x08004630   0x00000054   Code   RO         2266    i.TIM_OC4_SetConfig  stm32f4xx_hal_tim.o
    0x08004684   0x08004684   0x00000026   Code   RO         2268    i.TIM_TI1_ConfigInputStage  stm32f4xx_hal_tim.o
    0x080046aa   0x080046aa   0x00000028   Code   RO         2270    i.TIM_TI2_ConfigInputStage  stm32f4xx_hal_tim.o
    0x080046d2   0x080046d2   0x00000002   PAD
    0x080046d4   0x080046d4   0x00000020   Code   RO         7082    i.Timer_Init        drive_tim.o
    0x080046f4   0x080046f4   0x00000014   Code   RO         3181    i.UART_DMAAbortOnError  stm32f4xx_hal_uart.o
    0x08004708   0x08004708   0x00000050   Code   RO         3182    i.UART_DMAError     stm32f4xx_hal_uart.o
    0x08004758   0x08004758   0x000000b0   Code   RO         3183    i.UART_DMAReceiveCplt  stm32f4xx_hal_uart.o
    0x08004808   0x08004808   0x00000020   Code   RO         3185    i.UART_DMARxHalfCplt  stm32f4xx_hal_uart.o
    0x08004828   0x08004828   0x00000058   Code   RO         3187    i.UART_DMATransmitCplt  stm32f4xx_hal_uart.o
    0x08004880   0x08004880   0x0000000e   Code   RO         3189    i.UART_DMATxHalfCplt  stm32f4xx_hal_uart.o
    0x0800488e   0x0800488e   0x0000006c   Code   RO         3191    i.UART_EndRxTransfer  stm32f4xx_hal_uart.o
    0x080048fa   0x080048fa   0x00000020   Code   RO         3192    i.UART_EndTransmit_IT  stm32f4xx_hal_uart.o
    0x0800491a   0x0800491a   0x00000026   Code   RO         3193    i.UART_EndTxTransfer  stm32f4xx_hal_uart.o
    0x08004940   0x08004940   0x000000f8   Code   RO         3194    i.UART_Receive_IT   stm32f4xx_hal_uart.o
    0x08004a38   0x08004a38   0x00000030   Code   RO         6591    i.UART_Send_Task    service_communication.o
    0x08004a68   0x08004a68   0x0000022c   Code   RO         3195    i.UART_SetConfig    stm32f4xx_hal_uart.o
    0x08004c94   0x08004c94   0x000000d0   Code   RO         3196    i.UART_Start_Receive_DMA  stm32f4xx_hal_uart.o
    0x08004d64   0x08004d64   0x00000060   Code   RO         3198    i.UART_Transmit_IT  stm32f4xx_hal_uart.o
    0x08004dc4   0x08004dc4   0x00000018   Code   RO          524    i.USART1_IRQHandler  stm32f4xx_it.o
    0x08004ddc   0x08004ddc   0x00000018   Code   RO          525    i.USART2_IRQHandler  stm32f4xx_it.o
    0x08004df4   0x08004df4   0x00000018   Code   RO          526    i.USART3_IRQHandler  stm32f4xx_it.o
    0x08004e0c   0x08004e0c   0x00000018   Code   RO          527    i.USART6_IRQHandler  stm32f4xx_it.o
    0x08004e24   0x08004e24   0x00000138   Code   RO         7154    i.Uart_Init         drive_uart.o
    0x08004f5c   0x08004f5c   0x00000018   Code   RO         7155    i.Uart_Receive_Handler  drive_uart.o
    0x08004f74   0x08004f74   0x00000050   Code   RO         7156    i.Uart_Rx_Idle_Callback  drive_uart.o
    0x08004fc4   0x08004fc4   0x00000010   Code   RO         7083    i.Update_SystemTick  drive_tim.o
    0x08004fd4   0x08004fd4   0x00000004   Code   RO          528    i.UsageFault_Handler  stm32f4xx_it.o
    0x08004fd8   0x08004fd8   0x0000000a   Code   RO         6878    i.User_Debug_Task   user_debug.o
    0x08004fe2   0x08004fe2   0x00000002   PAD
    0x08004fe4   0x08004fe4   0x0000026c   Code   RO         7440    i._Z16Chassis_Pid_Initv  chassis_task.o
    0x08005250   0x08005250   0x000000dc   Code   RO         5979    i._ZN10Motor_Base12update_angleEPh  swerve_chassis.o
    0x0800532c   0x0800532c   0x0000000e   Code   RO         6904    i._ZN10Motor_C620D1Ev  user_debug.o
    0x0800533a   0x0800533a   0x0000000e   Code   RO         6007    i._ZN11Motor_Speed12update_speedEPh  swerve_chassis.o
    0x08005348   0x08005348   0x00000048   Code   RO         5836    i._ZN11Motor_SpeedC2Eh  swerve_chassis.o
    0x08005390   0x08005390   0x00000008   Code   RO         5917    i._ZN11Motor_SpeedD2Ev  swerve_chassis.o
    0x08005398   0x08005398   0x0000007c   Code   RO         5672    i._ZN12Chassis_Base16update_timeStampEv  swerve_chassis.o
    0x08005414   0x08005414   0x00000014   Code   RO         5673    i._ZN12Chassis_Base19getMicroTick_registEPFjvE  swerve_chassis.o
    0x08005428   0x08005428   0x00000024   Code   RO         5893    i._ZN12Chassis_Base25ChassisVel_Trans_MotorRPMEff  swerve_chassis.o
    0x0800544c   0x0800544c   0x0000004e   Code   RO         6074    i._ZN12Motor_GM602014CanMsg_ProcessER9CAN_TxMsg  swerve_chassis.o
    0x0800549a   0x0800549a   0x00000022   Code   RO         7466    i._ZN12Motor_GM602018set_encoder_offsetEt  chassis_task.o
    0x080054bc   0x080054bc   0x0000002e   Code   RO         6067    i._ZN12Motor_GM60206updateEPh  swerve_chassis.o
    0x080054ea   0x080054ea   0x00000002   PAD
    0x080054ec   0x080054ec   0x00000034   Code   RO         5842    i._ZN12Motor_GM6020C1Eh  swerve_chassis.o
    0x08005520   0x08005520   0x00000010   Code   RO         5881    i._ZN12Motor_GM6020D1Ev  swerve_chassis.o
    0x08005530   0x08005530   0x0000001a   Code   RO         7334    i._ZN13LowPassFilter1fEf  filter.o
    0x0800554a   0x0800554a   0x0000000e   Code   RO         7335    i._ZN13LowPassFilter2inEf  filter.o
    0x08005558   0x08005558   0x00000022   Code   RO         7336    i._ZN13LowPassFilter3outEv  filter.o
    0x0800557a   0x0800557a   0x00000002   PAD
    0x0800557c   0x0800557c   0x00000018   Code   RO         6794    i._ZN13LowPassFilterC1Ef  service_config.o
    0x08005594   0x08005594   0x00000148   Code   RO         5674    i._ZN14Swerve_Chassis12Chassis_LockEP8Swerve_t  swerve_chassis.o
    0x080056dc   0x080056dc   0x0000009c   Code   RO         5675    i._ZN14Swerve_Chassis13Motor_ControlEv  swerve_chassis.o
    0x08005778   0x08005778   0x000000e4   Code   RO         5676    i._ZN14Swerve_Chassis13Pid_Mode_InitE13CHASSIS_PID_Effbb  swerve_chassis.o
    0x0800585c   0x0800585c   0x0000014e   Code   RO         5677    i._ZN14Swerve_Chassis14Pid_Param_InitE13CHASSIS_PID_Effffff  swerve_chassis.o
    0x080059aa   0x080059aa   0x00000002   PAD
    0x080059ac   0x080059ac   0x000001b0   Code   RO         5679    i._ZN14Swerve_Chassis18RudderAngle_AdjustEP8Swerve_t  swerve_chassis.o
    0x08005b5c   0x08005b5c   0x0000022c   Code   RO         5680    i._ZN14Swerve_Chassis18Velocity_CalculateE13Robot_Twist_tP8Swerve_t  swerve_chassis.o
    0x08005d88   0x08005d88   0x000000f4   Code   RO         5681    i._ZN14Swerve_Chassis20Chassis_Safety_CheckEf  swerve_chassis.o
    0x08005e7c   0x08005e7c   0x00000058   Code   RO         5682    i._ZN14Swerve_Chassis20X_Velocity_CalculateE13Robot_Twist_tP8Swerve_t  swerve_chassis.o
    0x08005ed4   0x08005ed4   0x00000058   Code   RO         5683    i._ZN14Swerve_Chassis20Y_Velocity_CalculateE13Robot_Twist_tP8Swerve_t  swerve_chassis.o
    0x08005f2c   0x08005f2c   0x0000034c   Code   RO         5684    i._ZN14Swerve_Chassis5ResetEv  swerve_chassis.o
    0x08006278   0x08006278   0x000003f8   Code   RO         5685    i._ZN14Swerve_Chassis7ControlE13Robot_Twist_t  swerve_chassis.o
    0x08006670   0x08006670   0x00000120   Code   RO         6770    i._ZN14Swerve_ChassisC1Efffi  service_config.o
    0x08006790   0x08006790   0x00000028   Code   RO         6791    i._ZN14Swerve_ChassisD1Ev  service_config.o
    0x080067b8   0x080067b8   0x0000000e   Code   RO         5854    i._ZN3PID13PID_Mode_InitEffbb  swerve_chassis.o
    0x080067c6   0x080067c6   0x00000018   Code   RO         7381    i._ZN3PID14PID_Param_InitEffffff  pid.o
    0x080067de   0x080067de   0x00000002   PAD
    0x080067e0   0x080067e0   0x00000298   Code   RO         7382    i._ZN3PID6AdjustEv  pid.o
    0x08006a78   0x08006a78   0x000000dc   Code   RO         6785    i._ZN3PIDC1Ev       service_config.o
    0x08006b54   0x08006b54   0x00000014   Code   RO         6800    i._ZN3PIDD1Ev       service_config.o
    0x08006b68   0x08006b68   0x000000cc   Code   RO         5349    i._ZN3ROS11Send_To_ROSE13Robot_Twist_t  ros.o
    0x08006c34   0x08006c34   0x00000134   Code   RO         5350    i._ZN3ROS16Recieve_From_ROSEPh  ros.o
    0x08006d68   0x08006d68   0x00000014   Code   RO         5351    i._ZN3ROS19getMicroTick_registEPFjvE  ros.o
    0x08006d7c   0x08006d7c   0x0000002c   Code   RO         6649    i._ZN4VESC11update_vescEP13CAN_RxMessage  service_communication.o
    0x08006da8   0x08006da8   0x00000024   Code   RO         6103    i._ZN4VESC12update_angleEPh  swerve_chassis.o
    0x08006dcc   0x08006dcc   0x00000088   Code   RO         6097    i._ZN4VESC12update_speedEPh  swerve_chassis.o
    0x08006e54   0x08006e54   0x000000e8   Code   RO         6084    i._ZN4VESC14CanMsg_ProcessER9CAN_TxMsg  swerve_chassis.o
    0x08006f3c   0x08006f3c   0x00000030   Code   RO         6090    i._ZN4VESC6updateEPh  swerve_chassis.o
    0x08006f6c   0x08006f6c   0x00000078   Code   RO         5866    i._ZN4VESCC1ERKS_   swerve_chassis.o
    0x08006fe4   0x08006fe4   0x00000034   Code   RO         5848    i._ZN4VESCC1Eh      swerve_chassis.o
    0x08007018   0x08007018   0x00000010   Code   RO         5860    i._ZN4VESCD1Ev      swerve_chassis.o
    0x08007028   0x08007028   0x00000036   Code   RO         6643    i._ZN5Tools16DM_uint_to_floatEiffi  service_communication.o
    0x0800705e   0x0800705e   0x0000001c   Code   RO         5830    i._ZN5Tools22_tool_buffer_get_int16EPKhPi  swerve_chassis.o
    0x0800707a   0x0800707a   0x00000018   Code   RO         5382    i._ZN5Tools25_tool_buffer_append_int16EPhsPi  ros.o
    0x08007092   0x08007092   0x0000002e   Code   RO         5824    i._ZN5Tools25_tool_buffer_append_int32EPhiPi  swerve_chassis.o
    0x080070c0   0x080070c0   0x000000b0   Code   RO         5549    i._ZN6AirJoy11data_updateEtt  air_joy.o
    0x08007170   0x08007170   0x00000014   Code   RO         5550    i._ZN6AirJoy19getMicroTick_registEPFjvE  air_joy.o
    0x08007184   0x08007184   0x0000007c   Code   RO         7383    i._ZN8PidTimer16update_timeStampEv  pid.o
    0x08007200   0x08007200   0x00000014   Code   RO         7384    i._ZN8PidTimer19getMicroTick_registEPFjvE  pid.o
    0x08007214   0x08007214   0x0000000a   Code   RO         6504    i._ZN9Broadcast16Checksum_AnaliseEhh  broadcast.o
    0x0800721e   0x0800721e   0x0000003a   Code   RO         6505    i._ZN9Broadcast17Send_To_BroadcastE14Robot_Status_t  broadcast.o
    0x08007258   0x08007258   0x00000014   Code   RO         6506    i._ZN9Broadcast19getMicroTick_registEPFjvE  broadcast.o
    0x0800726c   0x0800726c   0x000000f4   Code   RO         6507    i._ZN9Broadcast4playE8PLAYLIST  broadcast.o
    0x08007360   0x08007360   0x0000009e   Code   RO         6656    i._ZN9DM_Driver6updateEPh  service_communication.o
    0x080073fe   0x080073fe   0x00000010   Code   RO         6776    i._ZN9DM_DriverD1Ev  service_config.o
    0x0800740e   0x0800740e   0x00000010   Code   RO         5923    i._ZN9RM_CommonD2Ev  swerve_chassis.o
    0x0800741e   0x0800741e   0x00000002   PAD
    0x08007420   0x08007420   0x0000000c   Code   RO         5992    i._ZNK10Motor_Base19ENCODER_ANGLE_RATIOEv  swerve_chassis.o
    0x0800742c   0x0800742c   0x00000006   Code   RO         5973    i._ZNK10Motor_Base21GET_MOTOR_DESCRIPTIONEv  swerve_chassis.o
    0x08007432   0x08007432   0x00000006   Code   RO         5869    i._ZNK10Motor_Base9get_angleEv  swerve_chassis.o
    0x08007438   0x08007438   0x00000006   Code   RO         6931    i._ZNK10Motor_C62021GET_MOTOR_DESCRIPTIONEv  user_debug.o
    0x0800743e   0x0800743e   0x00000008   Code   RO         5875    i._ZNK11Motor_Speed9get_speedEv  swerve_chassis.o
    0x08007446   0x08007446   0x00000002   PAD
    0x08007448   0x08007448   0x0000000c   Code   RO         6061    i._ZNK12Motor_GM602011MAX_CURRENTEv  swerve_chassis.o
    0x08007454   0x08007454   0x00000008   Code   RO         6049    i._ZNK12Motor_GM602011send_id_lowEv  swerve_chassis.o
    0x0800745c   0x0800745c   0x00000008   Code   RO         6055    i._ZNK12Motor_GM602012send_id_highEv  swerve_chassis.o
    0x08007464   0x08007464   0x00000008   Code   RO         5887    i._ZNK4VESC9get_speedEv  swerve_chassis.o
    0x0800746c   0x0800746c   0x00000008   Code   RO         6028    i._ZNK9RM_Common11send_id_lowEv  swerve_chassis.o
    0x08007474   0x08007474   0x00000008   Code   RO         6022    i._ZNK9RM_Common12send_id_highEv  swerve_chassis.o
    0x0800747c   0x0800747c   0x00000070   Code   RO         6109    i._ZNK9RM_Common13prepareCANMsgER9CAN_TxMsgs  swerve_chassis.o
    0x080074ec   0x080074ec   0x00000030   Code   RO         8129    i.__ARM_fpclassify  m_wm.l(fpclassify.o)
    0x0800751c   0x0800751c   0x00000026   Code   RO         7975    i.__ARM_fpclassifyf  m_wm.l(fpclassifyf.o)
    0x08007542   0x08007542   0x00000002   PAD
    0x08007544   0x08007544   0x00000010   Code   RO         1775    i.__NVIC_GetPriorityGrouping  stm32f4xx_hal_cortex.o
    0x08007554   0x08007554   0x00000028   Code   RO         1776    i.__NVIC_SetPriority  stm32f4xx_hal_cortex.o
    0x0800757c   0x0800757c   0x00000024   Code   RO         7727    i.__aeabi_vec_ctor_nocookie_nodtor  cpprt_w.l(aeabi_vec_ctor_nocookie_nodtor.o)
    0x080075a0   0x080075a0   0x00000010   Code   RO         7615    i.__cxa_guard_acquire  cpprt_w.l(cxa_guard_acquire.o)
    0x080075b0   0x080075b0   0x00000006   Code   RO         4686    i.__get_IPSR        cmsis_os2.o
    0x080075b6   0x080075b6   0x00000002   PAD
    0x080075b8   0x080075b8   0x00000250   Code   RO         7735    i.__hardfp_atan2f   m_wm.l(atan2f.o)
    0x08007808   0x08007808   0x000000c8   Code   RO         7747    i.__hardfp_cos      m_wm.l(cos.o)
    0x080078d0   0x080078d0   0x000000c8   Code   RO         7771    i.__hardfp_sin      m_wm.l(sin.o)
    0x08007998   0x08007998   0x0000003a   Code   RO         7795    i.__hardfp_sqrtf    m_wm.l(sqrtf.o)
    0x080079d2   0x080079d2   0x00000006   PAD
    0x080079d8   0x080079d8   0x00000438   Code   RO         7991    i.__ieee754_rem_pio2  m_wm.l(rred.o)
    0x08007e10   0x08007e10   0x00000170   Code   RO         7958    i.__kernel_cos      m_wm.l(cos_i.o)
    0x08007f80   0x08007f80   0x000000f8   Code   RO         8131    i.__kernel_poly     m_wm.l(poly.o)
    0x08008078   0x08008078   0x00000130   Code   RO         7999    i.__kernel_sin      m_wm.l(sin_i.o)
    0x080081a8   0x080081a8   0x00000014   Code   RO         7962    i.__mathlib_dbl_infnan  m_wm.l(dunder.o)
    0x080081bc   0x080081bc   0x00000004   PAD
    0x080081c0   0x080081c0   0x00000020   Code   RO         7964    i.__mathlib_dbl_invalid  m_wm.l(dunder.o)
    0x080081e0   0x080081e0   0x00000020   Code   RO         7967    i.__mathlib_dbl_underflow  m_wm.l(dunder.o)
    0x08008200   0x08008200   0x00000006   Code   RO         7979    i.__mathlib_flt_infnan2  m_wm.l(funder.o)
    0x08008206   0x08008206   0x00000002   PAD
    0x08008208   0x08008208   0x00000010   Code   RO         7983    i.__mathlib_flt_underflow  m_wm.l(funder.o)
    0x08008218   0x08008218   0x00000038   Code   RO         5551    i.__sti___11_air_joy_cpp_air_joy  air_joy.o
    0x08008250   0x08008250   0x0000010c   Code   RO         6879    i.__sti___14_user_debug_cpp_M3508  user_debug.o
    0x0800835c   0x0800835c   0x00000078   Code   RO         5686    i.__sti___18_Swerve_Chassis_cpp_5dcff6ed  swerve_chassis.o
    0x080083d4   0x080083d4   0x0000003c   Code   RO         6716    i.__sti___18_service_config_cpp_chassis  service_config.o
    0x08008410   0x08008410   0x0000003c   Code   RO         7021    i.comm_can_transmit_extid  drive_can.o
    0x0800844c   0x0800844c   0x0000003a   Code   RO         7022    i.comm_can_transmit_stdid  drive_can.o
    0x08008486   0x08008486   0x00000018   Code   RO         8125    i.fabs              m_wm.l(fabs.o)
    0x0800849e   0x0800849e   0x00000044   Code   RO           16    i.main              main.o
    0x080084e2   0x080084e2   0x0000001e   Code   RO         4687    i.osDelay           cmsis_os2.o
    0x08008500   0x08008500   0x0000002c   Code   RO         4701    i.osKernelInitialize  cmsis_os2.o
    0x0800852c   0x0800852c   0x00000060   Code   RO         4704    i.osKernelStart     cmsis_os2.o
    0x0800858c   0x0800858c   0x000000b8   Code   RO         4746    i.osThreadNew       cmsis_os2.o
    0x08008644   0x08008644   0x0000007c   Code   RO         4124    i.prvAddCurrentTaskToDelayedList  tasks.o
    0x080086c0   0x080086c0   0x000000b8   Code   RO         4125    i.prvAddNewTaskToReadyList  tasks.o
    0x08008778   0x08008778   0x00000074   Code   RO         4500    i.prvCheckForValidListAndQueue  timers.o
    0x080087ec   0x080087ec   0x00000048   Code   RO         4126    i.prvCheckTasksWaitingTermination  tasks.o
    0x08008834   0x08008834   0x0000002a   Code   RO         3711    i.prvCopyDataFromQueue  queue.o
    0x0800885e   0x0800885e   0x0000007e   Code   RO         3712    i.prvCopyDataToQueue  queue.o
    0x080088dc   0x080088dc   0x00000050   Code   RO         4127    i.prvDeleteTCB      tasks.o
    0x0800892c   0x0800892c   0x00000028   Code   RO         4501    i.prvGetNextExpireTime  timers.o
    0x08008954   0x08008954   0x0000007c   Code   RO         5214    i.prvHeapInit       heap_4.o
    0x080089d0   0x080089d0   0x00000028   Code   RO         4128    i.prvIdleTask       tasks.o
    0x080089f8   0x080089f8   0x0000002a   Code   RO         3715    i.prvInitialiseNewQueue  queue.o
    0x08008a22   0x08008a22   0x000000be   Code   RO         4129    i.prvInitialiseNewTask  tasks.o
    0x08008ae0   0x08008ae0   0x00000068   Code   RO         4130    i.prvInitialiseTaskLists  tasks.o
    0x08008b48   0x08008b48   0x00000068   Code   RO         5215    i.prvInsertBlockIntoFreeList  heap_4.o
    0x08008bb0   0x08008bb0   0x00000058   Code   RO         4503    i.prvInsertTimerInActiveList  timers.o
    0x08008c08   0x08008c08   0x0000001a   Code   RO         3716    i.prvIsQueueEmpty   queue.o
    0x08008c22   0x08008c22   0x0000001e   Code   RO         3717    i.prvIsQueueFull    queue.o
    0x08008c40   0x08008c40   0x00000074   Code   RO         4504    i.prvProcessExpiredTimer  timers.o
    0x08008cb4   0x08008cb4   0x00000164   Code   RO         4505    i.prvProcessReceivedCommands  timers.o
    0x08008e18   0x08008e18   0x00000074   Code   RO         4506    i.prvProcessTimerOrBlockTask  timers.o
    0x08008e8c   0x08008e8c   0x00000034   Code   RO         4132    i.prvResetNextTaskUnblockTime  tasks.o
    0x08008ec0   0x08008ec0   0x0000002c   Code   RO         4507    i.prvSampleTimeNow  timers.o
    0x08008eec   0x08008eec   0x000000a4   Code   RO         4508    i.prvSwitchTimerLists  timers.o
    0x08008f90   0x08008f90   0x00000040   Code   RO         5270    i.prvTaskExitError  port.o
    0x08008fd0   0x08008fd0   0x0000001a   Code   RO         4509    i.prvTimerTask      timers.o
    0x08008fea   0x08008fea   0x0000007e   Code   RO         3718    i.prvUnlockQueue    queue.o
    0x08009068   0x08009068   0x0000014c   Code   RO         5216    i.pvPortMalloc      heap_4.o
    0x080091b4   0x080091b4   0x0000002c   Code   RO         5271    i.pxPortInitialiseStack  port.o
    0x080091e0   0x080091e0   0x00000038   Code   RO         7158    i.serial_get_crc8_value  drive_uart.o
    0x08009218   0x08009218   0x00000028   Code   RO         3671    i.uxListRemove      list.o
    0x08009240   0x08009240   0x00000018   Code   RO         4758    i.vApplicationGetIdleTaskMemory  cmsis_os2.o
    0x08009258   0x08009258   0x00000018   Code   RO         4759    i.vApplicationGetTimerTaskMemory  cmsis_os2.o
    0x08009270   0x08009270   0x0000001a   Code   RO         3672    i.vListInitialise   list.o
    0x0800928a   0x0800928a   0x00000006   Code   RO         3673    i.vListInitialiseItem  list.o
    0x08009290   0x08009290   0x00000034   Code   RO         3674    i.vListInsert       list.o
    0x080092c4   0x080092c4   0x00000018   Code   RO         3675    i.vListInsertEnd    list.o
    0x080092dc   0x080092dc   0x00000054   Code   RO         5273    i.vPortEnterCritical  port.o
    0x08009330   0x08009330   0x0000003c   Code   RO         5274    i.vPortExitCritical  port.o
    0x0800936c   0x0800936c   0x000000a4   Code   RO         5217    i.vPortFree         heap_4.o
    0x08009410   0x08009410   0x00000028   Code   RO         5275    i.vPortSetupTimerInterrupt  port.o
    0x08009438   0x08009438   0x00000078   Code   RO         5276    i.vPortValidateInterruptPriority  port.o
    0x080094b0   0x080094b0   0x0000002c   Code   RO         3724    i.vQueueAddToRegistry  queue.o
    0x080094dc   0x080094dc   0x0000004a   Code   RO         3728    i.vQueueWaitForMessageRestricted  queue.o
    0x08009526   0x08009526   0x00000002   PAD
    0x08009528   0x08009528   0x0000005c   Code   RO         4145    i.vTaskDelay        tasks.o
    0x08009584   0x08009584   0x00000018   Code   RO         4150    i.vTaskInternalSetTimeOutState  tasks.o
    0x0800959c   0x0800959c   0x0000000c   Code   RO         4151    i.vTaskMissedYield  tasks.o
    0x080095a8   0x080095a8   0x00000038   Code   RO         4153    i.vTaskPlaceOnEventList  tasks.o
    0x080095e0   0x080095e0   0x00000040   Code   RO         4154    i.vTaskPlaceOnEventListRestricted  tasks.o
    0x08009620   0x08009620   0x000000b8   Code   RO         4162    i.vTaskStartScheduler  tasks.o
    0x080096d8   0x080096d8   0x00000010   Code   RO         4164    i.vTaskSuspendAll   tasks.o
    0x080096e8   0x080096e8   0x00000090   Code   RO         4165    i.vTaskSwitchContext  tasks.o
    0x08009778   0x08009778   0x00000168   Code   RO         5277    i.xPortStartScheduler  port.o
    0x080098e0   0x080098e0   0x00000034   Code   RO         5278    i.xPortSysTickHandler  port.o
    0x08009914   0x08009914   0x0000005a   Code   RO         3733    i.xQueueGenericCreate  queue.o
    0x0800996e   0x0800996e   0x000000e0   Code   RO         3734    i.xQueueGenericCreateStatic  queue.o
    0x08009a4e   0x08009a4e   0x00000002   PAD
    0x08009a50   0x08009a50   0x00000098   Code   RO         3735    i.xQueueGenericReset  queue.o
    0x08009ae8   0x08009ae8   0x000001a8   Code   RO         3736    i.xQueueGenericSend  queue.o
    0x08009c90   0x08009c90   0x000000fc   Code   RO         3737    i.xQueueGenericSendFromISR  queue.o
    0x08009d8c   0x08009d8c   0x00000168   Code   RO         3746    i.xQueueReceive     queue.o
    0x08009ef4   0x08009ef4   0x0000008c   Code   RO         4167    i.xTaskCheckForTimeOut  tasks.o
    0x08009f80   0x08009f80   0x00000064   Code   RO         4168    i.xTaskCreate       tasks.o
    0x08009fe4   0x08009fe4   0x000000ba   Code   RO         4169    i.xTaskCreateStatic  tasks.o
    0x0800a09e   0x0800a09e   0x00000002   PAD
    0x0800a0a0   0x0800a0a0   0x00000020   Code   RO         4173    i.xTaskGetSchedulerState  tasks.o
    0x0800a0c0   0x0800a0c0   0x0000000c   Code   RO         4174    i.xTaskGetTickCount  tasks.o
    0x0800a0cc   0x0800a0cc   0x00000144   Code   RO         4176    i.xTaskIncrementTick  tasks.o
    0x0800a210   0x0800a210   0x000000a4   Code   RO         4179    i.xTaskPriorityDisinherit  tasks.o
    0x0800a2b4   0x0800a2b4   0x00000098   Code   RO         4181    i.xTaskRemoveFromEventList  tasks.o
    0x0800a34c   0x0800a34c   0x00000104   Code   RO         4182    i.xTaskResumeAll    tasks.o
    0x0800a450   0x0800a450   0x00000078   Code   RO         4518    i.xTimerCreateTimerTask  timers.o
    0x0800a4c8   0x0800a4c8   0x00000084   Code   RO         4519    i.xTimerGenericCommand  timers.o
    0x0800a54c   0x0800a54c   0x0000006c   Code   RO         5794    t._Z14Motor_SendMsgsI12Motor_GM6020Li4EEvP19__CAN_HandleTypeDefRAT0__T_  swerve_chassis.o
    0x0800a5b8   0x0800a5b8   0x0000002c   Code   RO         5810    t._Z14Motor_SendMsgsI4VESCEvP19__CAN_HandleTypeDefRT_  swerve_chassis.o
    0x0800a5e4   0x0800a5e4   0x00000064   Code   RO         5802    t._Z14Motor_SendMsgsI4VESCLi1EEvP19__CAN_HandleTypeDefRAT0__T_  swerve_chassis.o
    0x0800a648   0x0800a648   0x00000028   Code   RO         5780    t._Z16motor_constraintIfEvPT_S0_S0_  swerve_chassis.o
    0x0800a670   0x0800a670   0x0000001a   Code   RO         5817    t._Z3ABSIfET_S0_    swerve_chassis.o
    0x0800a68a   0x0800a68a   0x0000000e   Code   RO         5787    t._Z3ABSIiET_S0_    swerve_chassis.o
    0x0800a698   0x0800a698   0x00000028   Code   RO         7410    t._ZN5Tools15_tool_ConstrainIfEEvPT_S1_S1_  pid.o
    0x0800a6c0   0x0800a6c0   0x0000001a   Code   RO         7416    t._ZN5Tools9_tool_AbsIfEET_S1_  pid.o
    0x0800a6da   0x0800a6da   0x00000018   Code   RO         7951    x$fpl$basic         fz_wm.l(basic.o)
    0x0800a6f2   0x0800a6f2   0x00000002   PAD
    0x0800a6f4   0x0800a6f4   0x00000062   Code   RO         7733    x$fpl$d2f           fz_wm.l(d2f.o)
    0x0800a756   0x0800a756   0x00000002   PAD
    0x0800a758   0x0800a758   0x00000150   Code   RO         8099    x$fpl$dadd          fz_wm.l(daddsub_clz.o)
    0x0800a8a8   0x0800a8a8   0x000002b0   Code   RO         8106    x$fpl$ddiv          fz_wm.l(ddiv.o)
    0x0800ab58   0x0800ab58   0x0000005e   Code   RO         8109    x$fpl$dfix          fz_wm.l(dfix.o)
    0x0800abb6   0x0800abb6   0x0000002e   Code   RO         8114    x$fpl$dflt          fz_wm.l(dflt_clz.o)
    0x0800abe4   0x0800abe4   0x00000026   Code   RO         8113    x$fpl$dfltu         fz_wm.l(dflt_clz.o)
    0x0800ac0a   0x0800ac0a   0x00000002   PAD
    0x0800ac0c   0x0800ac0c   0x00000154   Code   RO         8119    x$fpl$dmul          fz_wm.l(dmul.o)
    0x0800ad60   0x0800ad60   0x0000009c   Code   RO         7953    x$fpl$dnaninf       fz_wm.l(dnaninf.o)
    0x0800adfc   0x0800adfc   0x0000000c   Code   RO         8191    x$fpl$dretinf       fz_wm.l(dretinf.o)
    0x0800ae08   0x0800ae08   0x00000016   Code   RO         8100    x$fpl$drsb          fz_wm.l(daddsub_clz.o)
    0x0800ae1e   0x0800ae1e   0x00000002   PAD
    0x0800ae20   0x0800ae20   0x000001d4   Code   RO         8101    x$fpl$dsub          fz_wm.l(daddsub_clz.o)
    0x0800aff4   0x0800aff4   0x0000000a   Code   RO         8121    x$fpl$fpinit        fz_wm.l(fpinit.o)
    0x0800affe   0x0800affe   0x0000000a   Code   RO         7955    x$fpl$fretinf       fz_wm.l(fretinf.o)
    0x0800b008   0x0800b008   0x00000000   Code   RO         7957    x$fpl$usenofp       fz_wm.l(usenofp.o)
    0x0800b008   0x0800b008   0x000000fc   Data   RO          276    .constdata          freertos.o
    0x0800b104   0x0800b104   0x00000008   Data   RO         1492    .constdata          stm32f4xx_hal_dma.o
    0x0800b10c   0x0800b10c   0x00000018   Data   RO         3508    .constdata          system_stm32f4xx.o
    0x0800b124   0x0800b124   0x00000014   Data   RO         5557    .constdata          air_joy.o
    0x0800b138   0x0800b138   0x00000038   Data   RO         6723    .constdata          service_config.o
    0x0800b170   0x0800b170   0x0000001c   Data   RO         7501    .constdata          fsm_joy.o
    0x0800b18c   0x0800b18c   0x00000004   PAD
    0x0800b190   0x0800b190   0x00000030   Data   RO         7959    .constdata          m_wm.l(cos_i.o)
    0x0800b1c0   0x0800b1c0   0x000000c8   Data   RO         7993    .constdata          m_wm.l(rred.o)
    0x0800b288   0x0800b288   0x00000028   Data   RO         8000    .constdata          m_wm.l(sin_i.o)
    0x0800b2b0   0x0800b2b0   0x00000034   Data   RO         5930    .constdata__ZTV10Motor_Base  swerve_chassis.o
    0x0800b2e4   0x0800b2e4   0x00000044   Data   RO         6908    .constdata__ZTV10Motor_C620  user_debug.o
    0x0800b328   0x0800b328   0x0000003c   Data   RO         5932    .constdata__ZTV11Motor_Speed  swerve_chassis.o
    0x0800b364   0x0800b364   0x00000048   Data   RO         5936    .constdata__ZTV12Motor_GM6020  swerve_chassis.o
    0x0800b3ac   0x0800b3ac   0x0000003c   Data   RO         5938    .constdata__ZTV4VESC  swerve_chassis.o
    0x0800b3e8   0x0800b3e8   0x00000040   Data   RO         6804    .constdata__ZTV9DM_Driver  service_config.o
    0x0800b428   0x0800b428   0x00000044   Data   RO         5934    .constdata__ZTV9RM_Common  swerve_chassis.o
    0x0800b46c   0x0800b46c   0x0000004c   Data   RO          277    .conststring        freertos.o
    0x0800b4b8   0x0800b4b8   0x00000020   Data   RO         8240    Region$$Table       anon$$obj.o
    0x0800b4d8   0x0800b4d8   0x00000004   Data   RO         5559    .init_array         air_joy.o
    0x0800b4dc   0x0800b4d8   0x00000004   Data   RO         5706    .init_array         swerve_chassis.o
    0x0800b4e0   0x0800b4d8   0x00000004   Data   RO         6724    .init_array         service_config.o
    0x0800b4e4   0x0800b4d8   0x00000004   Data   RO         6883    .init_array         user_debug.o
    0x0800b4e8   0x0800b4d8   0x00000000   Data   RO         7604    .init_array         c_w.l(init_aeabi.o)


    Execution Region RW_IRAM2 (Exec base: 0x10000000, Load base: 0x0800b4f8, Size: 0x00000000, Max: 0x00010000, ABSOLUTE)

    **** No section assigned to this execution region ****


    Execution Region RW_IRAM1 (Exec base: 0x20000000, Load base: 0x0800b4e8, Size: 0x00005e20, Max: 0x00020000, ABSOLUTE, COMPRESSED[0x00000010])

    Exec Addr    Load Addr    Size         Type   Attr      Idx    E Section Name        Object

    0x20000000   COMPRESSED   0x0000001c   Data   RW          278    .data               freertos.o
    0x2000001c   COMPRESSED   0x00000004   Data   RW          322    .data               can.o
    0x20000020   COMPRESSED   0x00000009   Data   RW         1924    .data               stm32f4xx_hal.o
    0x20000029   COMPRESSED   0x00000003   PAD
    0x2000002c   COMPRESSED   0x00000004   Data   RW         3509    .data               system_stm32f4xx.o
    0x20000030   COMPRESSED   0x0000003c   Data   RW         4185    .data               tasks.o
    0x2000006c   COMPRESSED   0x00000014   Data   RW         4527    .data               timers.o
    0x20000080   COMPRESSED   0x00000004   Data   RW         4761    .data               cmsis_os2.o
    0x20000084   COMPRESSED   0x00000020   Data   RW         5223    .data               heap_4.o
    0x200000a4   COMPRESSED   0x0000000c   Data   RW         5279    .data               port.o
    0x200000b0   COMPRESSED   0x00000010   Data   RW         5355    .data               ros.o
    0x200000c0   COMPRESSED   0x00000004   Data   RW         5558    .data               air_joy.o
    0x200000c4   COMPRESSED   0x00000024   Data   RW         5705    .data               swerve_chassis.o
    0x200000e8   COMPRESSED   0x0000000d   Data   RW         6512    .data               broadcast.o
    0x200000f5   COMPRESSED   0x00000003   PAD
    0x200000f8   COMPRESSED   0x00000020   Data   RW         6557    .data               data_pool.o
    0x20000118   COMPRESSED   0x00000004   Data   RW         6598    .data               service_communication.o
    0x2000011c   COMPRESSED   0x00000008   Data   RW         7024    .data               drive_can.o
    0x20000124   COMPRESSED   0x0000000c   Data   RW         7086    .data               drive_tim.o
    0x20000130   COMPRESSED   0x00000002   Data   RW         7160    .data               drive_uart.o
    0x20000132   COMPRESSED   0x00000002   PAD
    0x20000134   COMPRESSED   0x00000004   Data   RW         7389    .data               pid.o
    0x20000138   COMPRESSED   0x00000019   Data   RW         7502    .data               fsm_joy.o
    0x20000151   COMPRESSED   0x00000003   PAD
    0x20000154        -       0x00000050   Zero   RW          321    .bss                can.o
    0x200001a4        -       0x00000090   Zero   RW          395    .bss                tim.o
    0x20000234        -       0x00000410   Zero   RW          450    .bss                usart.o
    0x20000644        -       0x00000048   Zero   RW          703    .bss                stm32f4xx_hal_timebase_tim.o
    0x2000068c        -       0x00000040   Zero   RW         3750    .bss                queue.o
    0x200006cc        -       0x000004c4   Zero   RW         4184    .bss                tasks.o
    0x20000b90        -       0x00000118   Zero   RW         4526    .bss                timers.o
    0x20000ca8        -       0x000006b8   Zero   RW         4760    .bss                cmsis_os2.o
    0x20001360        -       0x00003c00   Zero   RW         5222    .bss                heap_4.o
    0x20004f60        -       0x00000034   Zero   RW         5556    .bss                air_joy.o
    0x20004f94        -       0x000001b0   Zero   RW         5704    .bss                swerve_chassis.o
    0x20005144        -       0x00000019   Zero   RW         6556    .bss                data_pool.o
    0x2000515d   COMPRESSED   0x00000003   PAD
    0x20005160        -       0x00000490   Zero   RW         6722    .bss                service_config.o
    0x200055f0        -       0x000000bc   Zero   RW         6882    .bss                user_debug.o
    0x200056ac        -       0x00000048   Zero   RW         7023    .bss                drive_can.o
    0x200056f4        -       0x00000040   Zero   RW         7159    .bss                drive_uart.o
    0x20005734        -       0x0000001c   Zero   RW         7443    .bss                chassis_task.o
    0x20005750        -       0x0000006c   Zero   RW         7500    .bss                fsm_joy.o
    0x200057bc        -       0x00000060   Zero   RW         8006    .bss                c_w.l(libspace.o)
    0x2000581c   COMPRESSED   0x00000004   PAD
    0x20005820        -       0x00000200   Zero   RW            2    HEAP                startup_stm32f407xx.o
    0x20005a20        -       0x00000400   Zero   RW            1    STACK               startup_stm32f407xx.o


==============================================================================

Image component sizes


      Code (inc. data)   RO Data    RW Data    ZI Data      Debug   Object Name

       272         22         24          4         52       4523   air_joy.o
       332         30          0         13          0       3420   broadcast.o
       524         44          0          4         80       2414   can.o
       722         70          0          0         28       8605   chassis_task.o
       430         38          0          4       1720      64787   cmsis_os2.o
       132         30          0         32         25       1436   data_pool.o
       200          6          0          0          0        842   dma.o
       522         60          0          8         72       6321   drive_can.o
       200         16          0         12          0       5171   drive_tim.o
       472         38          0          2         64       4057   drive_uart.o
         0          0          0          0          0      19408   event_groups.o
        74          0          0          0          0       2304   filter.o
       188         86        328         28          0       1842   freertos.o
       514         74         28         25        108       4414   fsm_joy.o
       216         10          0          0          0        999   gpio.o
       724         74          0         32      15360       4815   heap_4.o
       148          0          0          0          0       3514   list.o
       294         20          0          0          0     716396   main.o
         0          0          0          0          0       2332   mecanum_chassis.o
       898         22          0          4          0       9272   pid.o
      1014         92          0         12          0      11593   port.o
      2012         20          0          0         64      18262   queue.o
       556         28          0         16          0     603576   ros.o
       676         52          0          4          0      22180   service_communication.o
       872        126        124          0       1168      16604   service_config.o
        64         26        392          0       1536        836   startup_stm32f407xx.o
        96         20          0          9          0       8030   stm32f4xx_hal.o
      2186          6          0          0          0      14257   stm32f4xx_hal_can.o
       252         22          0          0          0      33626   stm32f4xx_hal_cortex.o
      1436         16          8          0          0       6954   stm32f4xx_hal_dma.o
       528         50          0          0          0       2063   stm32f4xx_hal_gpio.o
        84          6          0          0          0        842   stm32f4xx_hal_msp.o
      1888         94          0          0          0       6205   stm32f4xx_hal_rcc.o
      2392        142          0          0          0      16212   stm32f4xx_hal_tim.o
       184         30          0          0          0       2461   stm32f4xx_hal_tim_ex.o
       180         20          0          0         72       1439   stm32f4xx_hal_timebase_tim.o
      2934         38          0          0          0      18051   stm32f4xx_hal_uart.o
       352        116          0          0          0      12128   stm32f4xx_it.o
         0          0          0          0          0        392   stream_buffer.o
      6448        392        316         36        432     649195   swerve_chassis.o
        20          6         24          4          0       1103   system_stm32f4xx.o
      2808        346          0         60       1220      27190   tasks.o
       432         40          0          0        144       2975   tim.o
      1318        124          0         20        280      30207   timers.o
      1300        112          0          0       1040       4405   usart.o
       298         58         72          0        188       8526   user_debug.o

    ----------------------------------------------------------------------
     37242       2622       1352        340      23656    2386184   Object Totals
         0          0         32          0          0          0   (incl. Generated)
        50          0          4         11          3          0   (incl. Padding)

    ----------------------------------------------------------------------

      Code (inc. data)   RO Data    RW Data    ZI Data      Debug   Library Member Name

        58          0          0          0          0          0   __dczerorl.o
         8          0          0          0          0         68   __main.o
         0          0          0          0          0          0   __rtentry.o
        12          0          0          0          0          0   __rtentry2.o
         6          0          0          0          0          0   __rtentry4.o
        52          8          0          0          0          0   __scatter.o
        28          0          0          0          0          0   __scatter_zi.o
        22          0          0          0          0        100   _rserrno.o
        46          0          0          0          0         84   aeabi_atexit.o
        16          0          0          0          0         68   aeabi_memset.o
        66          0          0          0          0         84   cxa_finalize.o
        10          0          0          0          0         68   defsig_exit.o
        50          0          0          0          0         88   defsig_general.o
        80         58          0          0          0         76   defsig_rtmem_inner.o
        14          0          0          0          0         80   defsig_rtmem_outer.o
        18          0          0          0          0         80   exit.o
        94          0          0          0          0         80   h1_alloc.o
        52          0          0          0          0         68   h1_extend.o
        78          0          0          0          0         80   h1_free.o
        14          0          0          0          0         84   h1_init.o
         6          0          0          0          0        152   heapauxi.o
         4          0          0          0          0        136   hguard.o
         0          0          0          0          0          0   indicate_semi.o
        36         10          0          0          0         80   init_aeabi.o
       138          0          0          0          0        168   init_alloc.o
         2          0          0          0          0          0   libinit.o
        18          0          0          0          0          0   libinit2.o
         2          0          0          0          0          0   libshutdown.o
         8          0          0          0          0          0   libshutdown2.o
         8          4          0          0         96         68   libspace.o
       238          0          0          0          0        100   lludivv7m.o
         0          0          0          0          0          0   maybetermalloc1.o
         8          4          0          0          0         68   rt_ddtor_pointer_addr_intlibspace.o
         8          4          0          0          0         68   rt_errno_addr_intlibspace.o
         8          4          0          0          0         68   rt_heap_descriptor_intlibspace.o
        68          0          0          0          0         68   rt_memclr.o
        78          0          0          0          0         80   rt_memclr_w.o
       138          0          0          0          0         68   rt_memcpy_v6.o
       100          0          0          0          0         80   rt_memcpy_w.o
         2          0          0          0          0          0   rtexit.o
        10          0          0          0          0          0   rtexit2.o
        12          4          0          0          0         68   sys_exit.o
        74          0          0          0          0         80   sys_stackheap_outer.o
        14          0          0          0          0         76   sys_wrch.o
         2          0          0          0          0         68   use_no_semi.o
        36          0          0          0          0         84   aeabi_vec_ctor_nocookie_nodtor.o
        34          0          0          0          0         84   aeabi_vec_dtor_noexceptions.o
        16          0          0          0          0         68   cxa_guard_acquire.o
        24          0          0          0          0        164   basic.o
        98          4          0          0          0        140   d2f.o
       826         16          0          0          0        492   daddsub_clz.o
       688        140          0          0          0        256   ddiv.o
        94          4          0          0          0        140   dfix.o
        84          0          0          0          0        232   dflt_clz.o
       340         12          0          0          0        152   dmul.o
       156          4          0          0          0        140   dnaninf.o
        12          0          0          0          0        116   dretinf.o
        10          0          0          0          0        116   fpinit.o
        10          0          0          0          0        116   fretinf.o
         0          0          0          0          0          0   usenofp.o
       592         90          0          0          0        184   atan2f.o
       200         20          0          0          0        164   cos.o
       368         46         48          0          0        200   cos_i.o
        84         16          0          0          0        372   dunder.o
        24          0          0          0          0        124   fabs.o
        48          0          0          0          0        124   fpclassify.o
        38          0          0          0          0        116   fpclassifyf.o
        22          6          0          0          0        232   funder.o
       248          0          0          0          0        152   poly.o
      1080        142        200          0          0        188   rred.o
       200         20          0          0          0        164   sin.o
       304         24         40          0          0        208   sin_i.o
        58          0          0          0          0        136   sqrtf.o

    ----------------------------------------------------------------------
      7430        640        288          0        100       7268   Library Totals
        30          0          0          0          4          0   (incl. Padding)

    ----------------------------------------------------------------------

      Code (inc. data)   RO Data    RW Data    ZI Data      Debug   Library Name

      1706         96          0          0         96       2604   c_w.l
        86          0          0          0          0        236   cpprt_w.l
      2342        180          0          0          0       2064   fz_wm.l
      3266        364        288          0          0       2364   m_wm.l

    ----------------------------------------------------------------------
      7430        640        288          0        100       7268   Library Totals

    ----------------------------------------------------------------------

==============================================================================


      Code (inc. data)   RO Data    RW Data    ZI Data      Debug   

     44672       3262       1640        340      23756    2356340   Grand Totals
     44672       3262       1640         16      23756    2356340   ELF Image Totals (compressed)
     44672       3262       1640         16          0          0   ROM Totals

==============================================================================

    Total RO  Size (Code + RO Data)                46312 (  45.23kB)
    Total RW  Size (RW Data + ZI Data)             24096 (  23.53kB)
    Total ROM Size (Code + RO Data + RW Data)      46328 (  45.24kB)

==============================================================================

