<html>
<body>
<pre>
<h1>µVision Build Log</h1>
<h2>Tool Versions:</h2>
IDE-Version: ¦ÌVision V5.24.2.0
Copyright (C) 2017 ARM Ltd and ARM Germany GmbH. All rights reserved.
License Information: 1 Jay.Yang, 1, LIC=Y2B1Q-N7W6X-5B1EB-2J8HL-RU7XK-7K4BM
 
Tool Versions:
Toolchain:       MDK-ARM Professional  Version: 5.24.1
Toolchain Path:  C:\Keil_v5\ARM\ARMCC\Bin
C Compiler:      Armcc.exe V5.06 update 5 (build 528)
Assembler:       Armasm.exe V5.06 update 5 (build 528)
Linker/Locator:  ArmLink.exe V5.06 update 5 (build 528)
Library Manager: ArmAr.exe V5.06 update 5 (build 528)
Hex Converter:   FromElf.exe V5.06 update 5 (build 528)
CPU DLL:         SARMCM3.DLL V5.24.1
Dialog DLL:      DCM.DLL V1.16.0.0
Target DLL:      CMSIS_AGDI.dll V1.28.3.0
Dialog DLL:      TCM.DLL V1.32.0.0
 
<h2>Project:</h2>
e:\STM32\CHASSIS\SWERVE_play\MDK-ARM\MOTOR_CPP.uvprojx
Project File Date:  07/20/2024

<h2>Output:</h2>
*** Using Compiler 'V5.06 update 5 (build 528)', folder: 'C:\Keil_v5\ARM\ARMCC\Bin'
Build target 'MOTOR_CPP'
compiling tim.c...
Warning: C3910W: Old syntax, please use '--c99'.
compiling stm32f4xx_it.c...
Warning: C3910W: Old syntax, please use '--c99'.
compiling stm32f4xx_hal_timebase_tim.c...
Warning: C3910W: Old syntax, please use '--c99'.
compiling gpio.c...
Warning: C3910W: Old syntax, please use '--c99'.
compiling usart.c...
Warning: C3910W: Old syntax, please use '--c99'.
compiling stm32f4xx_hal_can.c...
Warning: C3910W: Old syntax, please use '--c99'.
compiling dma.c...
Warning: C3910W: Old syntax, please use '--c99'.
compiling stm32f4xx_hal_msp.c...
Warning: C3910W: Old syntax, please use '--c99'.
compiling freertos.c...
Warning: C3910W: Old syntax, please use '--c99'.
compiling can.c...
Warning: C3910W: Old syntax, please use '--c99'.
compiling stm32f4xx_hal_rcc.c...
Warning: C3910W: Old syntax, please use '--c99'.
compiling main.c...
Warning: C3910W: Old syntax, please use '--c99'.
compiling stm32f4xx_hal_flash_ramfunc.c...
Warning: C3910W: Old syntax, please use '--c99'.
compiling stm32f4xx_hal_flash.c...
Warning: C3910W: Old syntax, please use '--c99'.
compiling stm32f4xx_hal.c...
Warning: C3910W: Old syntax, please use '--c99'.
compiling stm32f4xx_hal_dma.c...
Warning: C3910W: Old syntax, please use '--c99'.
compiling stm32f4xx_hal_dma_ex.c...
Warning: C3910W: Old syntax, please use '--c99'.
compiling croutine.c...
Warning: C3910W: Old syntax, please use '--c99'.
compiling stm32f4xx_hal_rcc_ex.c...
Warning: C3910W: Old syntax, please use '--c99'.
compiling list.c...
Warning: C3910W: Old syntax, please use '--c99'.
compiling stm32f4xx_hal_exti.c...
Warning: C3910W: Old syntax, please use '--c99'.
compiling event_groups.c...
Warning: C3910W: Old syntax, please use '--c99'.
compiling stm32f4xx_hal_cortex.c...
Warning: C3910W: Old syntax, please use '--c99'.
compiling timers.c...
Warning: C3910W: Old syntax, please use '--c99'.
compiling stream_buffer.c...
Warning: C3910W: Old syntax, please use '--c99'.
compiling queue.c...
Warning: C3910W: Old syntax, please use '--c99'.
compiling tasks.c...
Warning: C3910W: Old syntax, please use '--c99'.
compiling stm32f4xx_hal_flash_ex.c...
Warning: C3910W: Old syntax, please use '--c99'.
compiling stm32f4xx_hal_gpio.c...
Warning: C3910W: Old syntax, please use '--c99'.
compiling heap_4.c...
Warning: C3910W: Old syntax, please use '--c99'.
compiling port.c...
Warning: C3910W: Old syntax, please use '--c99'.
compiling stm32f4xx_hal_pwr_ex.c...
Warning: C3910W: Old syntax, please use '--c99'.
compiling stm32f4xx_hal_pwr.c...
Warning: C3910W: Old syntax, please use '--c99'.
compiling system_stm32f4xx.c...
Warning: C3910W: Old syntax, please use '--c99'.
compiling stm32f4xx_hal_tim_ex.c...
Warning: C3910W: Old syntax, please use '--c99'.
compiling air_joy.cpp...
Warning: C3910W: Old syntax, please use '--c99'.
Warning: C3910W: Old syntax, please use '--cpp11'.
compiling ROS.cpp...
Warning: C3910W: Old syntax, please use '--c99'.
Warning: C3910W: Old syntax, please use '--cpp11'.
compiling stm32f4xx_hal_uart.c...
Warning: C3910W: Old syntax, please use '--c99'.
compiling stm32f4xx_hal_tim.c...
Warning: C3910W: Old syntax, please use '--c99'.
compiling Broadcast.cpp...
Warning: C3910W: Old syntax, please use '--c99'.
Warning: C3910W: Old syntax, please use '--cpp11'.
compiling filter.cpp...
Warning: C3910W: Old syntax, please use '--c99'.
Warning: C3910W: Old syntax, please use '--cpp11'.
compiling pid.cpp...
Warning: C3910W: Old syntax, please use '--c99'.
Warning: C3910W: Old syntax, please use '--cpp11'.
compiling cmsis_os2.c...
Warning: C3910W: Old syntax, please use '--c99'.
compiling omni_chassis.cpp...
Warning: C3910W: Old syntax, please use '--c99'.
Warning: C3910W: Old syntax, please use '--cpp11'.
compiling mecanum_chassis.cpp...
Warning: C3910W: Old syntax, please use '--c99'.
Warning: C3910W: Old syntax, please use '--cpp11'.
compiling data_pool.cpp...
Warning: C3910W: Old syntax, please use '--c99'.
Warning: C3910W: Old syntax, please use '--cpp11'.
compiling Swerve_Chassis.cpp...
Warning: C3910W: Old syntax, please use '--c99'.
Warning: C3910W: Old syntax, please use '--cpp11'.
compiling drive_uart.c...
Warning: C3910W: Old syntax, please use '--c99'.
compiling drive_tim.c...
Warning: C3910W: Old syntax, please use '--c99'.
compiling drive_can.c...
Warning: C3910W: Old syntax, please use '--c99'.
compiling user_debug.cpp...
Warning: C3910W: Old syntax, please use '--c99'.
Warning: C3910W: Old syntax, please use '--cpp11'.
compiling fsm_joy.cpp...
Warning: C3910W: Old syntax, please use '--c99'.
Warning: C3910W: Old syntax, please use '--cpp11'.
compiling service_config.cpp...
Warning: C3910W: Old syntax, please use '--c99'.
Warning: C3910W: Old syntax, please use '--cpp11'.
compiling service_communication.cpp...
Warning: C3910W: Old syntax, please use '--c99'.
Warning: C3910W: Old syntax, please use '--cpp11'.
compiling chassis_task.cpp...
Warning: C3910W: Old syntax, please use '--c99'.
Warning: C3910W: Old syntax, please use '--cpp11'.
linking...
Program Size: Code=44092 RO-data=1416 RW-data=336 ZI-data=23584  
FromELF: creating hex file...
"MOTOR_CPP\MOTOR_CPP.axf" - 0 Error(s), 0 Warning(s).

<h2>Software Packages used:</h2>

Package Vendor: ARM
                http://www.keil.com/pack/ARM.CMSIS.5.0.1.pack
                ARM.CMSIS.5.0.1
                CMSIS (Cortex Microcontroller Software Interface Standard)
   * Component: CORE Version: 5.0.1

Package Vendor: Keil
                http://www.keil.com/pack/Keil.STM32F4xx_DFP.1.0.8.pack
                Keil.STM32F4xx_DFP.1.0.8
                STMicroelectronics STM32F4 Series Device Support, Drivers and Examples

<h2>Collection of Component include folders:</h2>
  .\RTE\_MOTOR_CPP
  C:\Keil_v5\ARM\PACK\ARM\CMSIS\5.0.1\CMSIS\Include
  C:\Keil_v5\ARM\PACK\Keil\STM32F4xx_DFP\1.0.8\Device\Include

<h2>Collection of Component Files used:</h2>

   * Component: ARM::CMSIS:CORE:5.0.1
Build Time Elapsed:  00:00:30
</pre>
</body>
</html>
